<?xml version="1.0"?>
<link_info>
   <banner>TI ARM Linker PC v16.9.2.LTS</banner>
   <copyright>Copyright (c) 1996-2017 Texas Instruments Incorporated</copyright>
   <link_time>0x58e69bf2</link_time>
   <link_errors>0x0</link_errors>
   <output_file>adc14_multiple_channel_no_repeat_MSP_EXP432P401R_nortos_ccs.out</output_file>
   <entry_point>
      <name>_c_int00</name>
      <address>0x2fa5</address>
   </entry_point>
   <input_file_list>
      <input_file id="fl-2">
         <path>.\</path>
         <kind>object</kind>
         <file>adc14_multiple_channel_no_repeat.obj</file>
         <name>adc14_multiple_channel_no_repeat.obj</name>
      </input_file>
      <input_file id="fl-3">
         <path>.\</path>
         <kind>object</kind>
         <file>system_msp432p401r.obj</file>
         <name>system_msp432p401r.obj</name>
      </input_file>
      <input_file id="fl-4">
         <path>.\ccs\</path>
         <kind>object</kind>
         <file>startup_msp432p401r_ccs.obj</file>
         <name>startup_msp432p401r_ccs.obj</name>
      </input_file>
      <input_file id="fl-c">
         <kind>object</kind>
         <file>&lt;internal&gt;</file>
         <name>&lt;internal&gt;</name>
      </input_file>
      <input_file id="fl-c2">
         <path>C:\ti\ccsv7\tools\compiler\ti-cgt-arm_16.9.2.LTS\lib\</path>
         <kind>archive</kind>
         <file>rtsv7M4_T_le_v4SPD16_eabi.lib</file>
         <name>boot.obj</name>
      </input_file>
      <input_file id="fl-c3">
         <path>C:\ti\ccsv7\tools\compiler\ti-cgt-arm_16.9.2.LTS\lib\</path>
         <kind>archive</kind>
         <file>rtsv7M4_T_le_v4SPD16_eabi.lib</file>
         <name>copy_decompress_lzss.obj</name>
      </input_file>
      <input_file id="fl-c4">
         <path>C:\ti\ccsv7\tools\compiler\ti-cgt-arm_16.9.2.LTS\lib\</path>
         <kind>archive</kind>
         <file>rtsv7M4_T_le_v4SPD16_eabi.lib</file>
         <name>copy_decompress_none.obj</name>
      </input_file>
      <input_file id="fl-c5">
         <path>C:\ti\ccsv7\tools\compiler\ti-cgt-arm_16.9.2.LTS\lib\</path>
         <kind>archive</kind>
         <file>rtsv7M4_T_le_v4SPD16_eabi.lib</file>
         <name>copy_zero_init.obj</name>
      </input_file>
      <input_file id="fl-c6">
         <path>C:\ti\ccsv7\tools\compiler\ti-cgt-arm_16.9.2.LTS\lib\</path>
         <kind>archive</kind>
         <file>rtsv7M4_T_le_v4SPD16_eabi.lib</file>
         <name>exit.obj</name>
      </input_file>
      <input_file id="fl-c7">
         <path>C:\ti\ccsv7\tools\compiler\ti-cgt-arm_16.9.2.LTS\lib\</path>
         <kind>archive</kind>
         <file>rtsv7M4_T_le_v4SPD16_eabi.lib</file>
         <name>memcpy_t2.obj</name>
      </input_file>
      <input_file id="fl-c8">
         <path>C:\ti\ccsv7\tools\compiler\ti-cgt-arm_16.9.2.LTS\lib\</path>
         <kind>archive</kind>
         <file>rtsv7M4_T_le_v4SPD16_eabi.lib</file>
         <name>memset_t2.obj</name>
      </input_file>
      <input_file id="fl-c9">
         <path>C:\ti\ccsv7\tools\compiler\ti-cgt-arm_16.9.2.LTS\lib\</path>
         <kind>archive</kind>
         <file>rtsv7M4_T_le_v4SPD16_eabi.lib</file>
         <name>mpu_init.obj</name>
      </input_file>
      <input_file id="fl-ca">
         <path>C:\ti\ccsv7\tools\compiler\ti-cgt-arm_16.9.2.LTS\lib\</path>
         <kind>archive</kind>
         <file>rtsv7M4_T_le_v4SPD16_eabi.lib</file>
         <name>pre_init.obj</name>
      </input_file>
      <input_file id="fl-cb">
         <path>C:\ti\ccsv7\tools\compiler\ti-cgt-arm_16.9.2.LTS\lib\</path>
         <kind>archive</kind>
         <file>rtsv7M4_T_le_v4SPD16_eabi.lib</file>
         <name>printf.obj</name>
      </input_file>
      <input_file id="fl-cc">
         <path>C:\ti\ccsv7\tools\compiler\ti-cgt-arm_16.9.2.LTS\lib\</path>
         <kind>archive</kind>
         <file>rtsv7M4_T_le_v4SPD16_eabi.lib</file>
         <name>stkdepth_vars.obj</name>
      </input_file>
      <input_file id="fl-cd">
         <path>C:\ti\ccsv7\tools\compiler\ti-cgt-arm_16.9.2.LTS\lib\</path>
         <kind>archive</kind>
         <file>rtsv7M4_T_le_v4SPD16_eabi.lib</file>
         <name>_lock.obj</name>
      </input_file>
      <input_file id="fl-ce">
         <path>C:\ti\ccsv7\tools\compiler\ti-cgt-arm_16.9.2.LTS\lib\</path>
         <kind>archive</kind>
         <file>rtsv7M4_T_le_v4SPD16_eabi.lib</file>
         <name>_printfi.obj</name>
      </input_file>
      <input_file id="fl-cf">
         <path>C:\ti\ccsv7\tools\compiler\ti-cgt-arm_16.9.2.LTS\lib\</path>
         <kind>archive</kind>
         <file>rtsv7M4_T_le_v4SPD16_eabi.lib</file>
         <name>args_main.obj</name>
      </input_file>
      <input_file id="fl-d0">
         <path>C:\ti\ccsv7\tools\compiler\ti-cgt-arm_16.9.2.LTS\lib\</path>
         <kind>archive</kind>
         <file>rtsv7M4_T_le_v4SPD16_eabi.lib</file>
         <name>atoi.obj</name>
      </input_file>
      <input_file id="fl-d1">
         <path>C:\ti\ccsv7\tools\compiler\ti-cgt-arm_16.9.2.LTS\lib\</path>
         <kind>archive</kind>
         <file>rtsv7M4_T_le_v4SPD16_eabi.lib</file>
         <name>autoinit.obj</name>
      </input_file>
      <input_file id="fl-d2">
         <path>C:\ti\ccsv7\tools\compiler\ti-cgt-arm_16.9.2.LTS\lib\</path>
         <kind>archive</kind>
         <file>rtsv7M4_T_le_v4SPD16_eabi.lib</file>
         <name>cpy_tbl.obj</name>
      </input_file>
      <input_file id="fl-d3">
         <path>C:\ti\ccsv7\tools\compiler\ti-cgt-arm_16.9.2.LTS\lib\</path>
         <kind>archive</kind>
         <file>rtsv7M4_T_le_v4SPD16_eabi.lib</file>
         <name>ctype.obj</name>
      </input_file>
      <input_file id="fl-d4">
         <path>C:\ti\ccsv7\tools\compiler\ti-cgt-arm_16.9.2.LTS\lib\</path>
         <kind>archive</kind>
         <file>rtsv7M4_T_le_v4SPD16_eabi.lib</file>
         <name>defs.obj</name>
      </input_file>
      <input_file id="fl-d5">
         <path>C:\ti\ccsv7\tools\compiler\ti-cgt-arm_16.9.2.LTS\lib\</path>
         <kind>archive</kind>
         <file>rtsv7M4_T_le_v4SPD16_eabi.lib</file>
         <name>fd_add_t2.obj</name>
      </input_file>
      <input_file id="fl-d6">
         <path>C:\ti\ccsv7\tools\compiler\ti-cgt-arm_16.9.2.LTS\lib\</path>
         <kind>archive</kind>
         <file>rtsv7M4_T_le_v4SPD16_eabi.lib</file>
         <name>fd_cmp_t2.obj</name>
      </input_file>
      <input_file id="fl-d7">
         <path>C:\ti\ccsv7\tools\compiler\ti-cgt-arm_16.9.2.LTS\lib\</path>
         <kind>archive</kind>
         <file>rtsv7M4_T_le_v4SPD16_eabi.lib</file>
         <name>fd_div_t2.obj</name>
      </input_file>
      <input_file id="fl-d8">
         <path>C:\ti\ccsv7\tools\compiler\ti-cgt-arm_16.9.2.LTS\lib\</path>
         <kind>archive</kind>
         <file>rtsv7M4_T_le_v4SPD16_eabi.lib</file>
         <name>fd_mul_t2.obj</name>
      </input_file>
      <input_file id="fl-d9">
         <path>C:\ti\ccsv7\tools\compiler\ti-cgt-arm_16.9.2.LTS\lib\</path>
         <kind>archive</kind>
         <file>rtsv7M4_T_le_v4SPD16_eabi.lib</file>
         <name>fd_toi_t2.obj</name>
      </input_file>
      <input_file id="fl-da">
         <path>C:\ti\ccsv7\tools\compiler\ti-cgt-arm_16.9.2.LTS\lib\</path>
         <kind>archive</kind>
         <file>rtsv7M4_T_le_v4SPD16_eabi.lib</file>
         <name>fputc.obj</name>
      </input_file>
      <input_file id="fl-db">
         <path>C:\ti\ccsv7\tools\compiler\ti-cgt-arm_16.9.2.LTS\lib\</path>
         <kind>archive</kind>
         <file>rtsv7M4_T_le_v4SPD16_eabi.lib</file>
         <name>fputs.obj</name>
      </input_file>
      <input_file id="fl-dc">
         <path>C:\ti\ccsv7\tools\compiler\ti-cgt-arm_16.9.2.LTS\lib\</path>
         <kind>archive</kind>
         <file>rtsv7M4_T_le_v4SPD16_eabi.lib</file>
         <name>i_tofd_t2.obj</name>
      </input_file>
      <input_file id="fl-dd">
         <path>C:\ti\ccsv7\tools\compiler\ti-cgt-arm_16.9.2.LTS\lib\</path>
         <kind>archive</kind>
         <file>rtsv7M4_T_le_v4SPD16_eabi.lib</file>
         <name>lowlev.obj</name>
      </input_file>
      <input_file id="fl-de">
         <path>C:\ti\ccsv7\tools\compiler\ti-cgt-arm_16.9.2.LTS\lib\</path>
         <kind>archive</kind>
         <file>rtsv7M4_T_le_v4SPD16_eabi.lib</file>
         <name>ltoa.obj</name>
      </input_file>
      <input_file id="fl-df">
         <path>C:\ti\ccsv7\tools\compiler\ti-cgt-arm_16.9.2.LTS\lib\</path>
         <kind>archive</kind>
         <file>rtsv7M4_T_le_v4SPD16_eabi.lib</file>
         <name>memccpy.obj</name>
      </input_file>
      <input_file id="fl-e0">
         <path>C:\ti\ccsv7\tools\compiler\ti-cgt-arm_16.9.2.LTS\lib\</path>
         <kind>archive</kind>
         <file>rtsv7M4_T_le_v4SPD16_eabi.lib</file>
         <name>memchr.obj</name>
      </input_file>
      <input_file id="fl-e1">
         <path>C:\ti\ccsv7\tools\compiler\ti-cgt-arm_16.9.2.LTS\lib\</path>
         <kind>archive</kind>
         <file>rtsv7M4_T_le_v4SPD16_eabi.lib</file>
         <name>s_frexp.obj</name>
      </input_file>
      <input_file id="fl-e2">
         <path>C:\ti\ccsv7\tools\compiler\ti-cgt-arm_16.9.2.LTS\lib\</path>
         <kind>archive</kind>
         <file>rtsv7M4_T_le_v4SPD16_eabi.lib</file>
         <name>s_scalbn.obj</name>
      </input_file>
      <input_file id="fl-e3">
         <path>C:\ti\ccsv7\tools\compiler\ti-cgt-arm_16.9.2.LTS\lib\</path>
         <kind>archive</kind>
         <file>rtsv7M4_T_le_v4SPD16_eabi.lib</file>
         <name>startup.obj</name>
      </input_file>
      <input_file id="fl-e4">
         <path>C:\ti\ccsv7\tools\compiler\ti-cgt-arm_16.9.2.LTS\lib\</path>
         <kind>archive</kind>
         <file>rtsv7M4_T_le_v4SPD16_eabi.lib</file>
         <name>strchr.obj</name>
      </input_file>
      <input_file id="fl-e5">
         <path>C:\ti\ccsv7\tools\compiler\ti-cgt-arm_16.9.2.LTS\lib\</path>
         <kind>archive</kind>
         <file>rtsv7M4_T_le_v4SPD16_eabi.lib</file>
         <name>strcmp.obj</name>
      </input_file>
      <input_file id="fl-e6">
         <path>C:\ti\ccsv7\tools\compiler\ti-cgt-arm_16.9.2.LTS\lib\</path>
         <kind>archive</kind>
         <file>rtsv7M4_T_le_v4SPD16_eabi.lib</file>
         <name>strlen.obj</name>
      </input_file>
      <input_file id="fl-e7">
         <path>C:\ti\ccsv7\tools\compiler\ti-cgt-arm_16.9.2.LTS\lib\</path>
         <kind>archive</kind>
         <file>rtsv7M4_T_le_v4SPD16_eabi.lib</file>
         <name>strncpy.obj</name>
      </input_file>
      <input_file id="fl-e8">
         <path>C:\ti\ccsv7\tools\compiler\ti-cgt-arm_16.9.2.LTS\lib\</path>
         <kind>archive</kind>
         <file>rtsv7M4_T_le_v4SPD16_eabi.lib</file>
         <name>trgdrv.obj</name>
      </input_file>
      <input_file id="fl-e9">
         <path>C:\ti\ccsv7\tools\compiler\ti-cgt-arm_16.9.2.LTS\lib\</path>
         <kind>archive</kind>
         <file>rtsv7M4_T_le_v4SPD16_eabi.lib</file>
         <name>trgmsg.obj</name>
      </input_file>
      <input_file id="fl-ea">
         <path>C:\ti\ccsv7\tools\compiler\ti-cgt-arm_16.9.2.LTS\lib\</path>
         <kind>archive</kind>
         <file>rtsv7M4_T_le_v4SPD16_eabi.lib</file>
         <name>ull_div_t2.obj</name>
      </input_file>
      <input_file id="fl-eb">
         <path>C:\ti\ccsv7\tools\compiler\ti-cgt-arm_16.9.2.LTS\lib\</path>
         <kind>archive</kind>
         <file>rtsv7M4_T_le_v4SPD16_eabi.lib</file>
         <name>_io_perm.obj</name>
      </input_file>
      <input_file id="fl-ec">
         <path>C:\ti\ccsv7\tools\compiler\ti-cgt-arm_16.9.2.LTS\lib\</path>
         <kind>archive</kind>
         <file>rtsv7M4_T_le_v4SPD16_eabi.lib</file>
         <name>errno.obj</name>
      </input_file>
      <input_file id="fl-ed">
         <path>C:\ti\ccsv7\tools\compiler\ti-cgt-arm_16.9.2.LTS\lib\</path>
         <kind>archive</kind>
         <file>rtsv7M4_T_le_v4SPD16_eabi.lib</file>
         <name>fflush.obj</name>
      </input_file>
      <input_file id="fl-ee">
         <path>C:\ti\ccsv7\tools\compiler\ti-cgt-arm_16.9.2.LTS\lib\</path>
         <kind>archive</kind>
         <file>rtsv7M4_T_le_v4SPD16_eabi.lib</file>
         <name>fseek.obj</name>
      </input_file>
      <input_file id="fl-ef">
         <path>C:\ti\ccsv7\tools\compiler\ti-cgt-arm_16.9.2.LTS\lib\</path>
         <kind>archive</kind>
         <file>rtsv7M4_T_le_v4SPD16_eabi.lib</file>
         <name>s_copysign.obj</name>
      </input_file>
      <input_file id="fl-f0">
         <path>C:\ti\ccsv7\tools\compiler\ti-cgt-arm_16.9.2.LTS\lib\</path>
         <kind>archive</kind>
         <file>rtsv7M4_T_le_v4SPD16_eabi.lib</file>
         <name>setvbuf.obj</name>
      </input_file>
      <input_file id="fl-f1">
         <path>C:\ti\ccsv7\tools\compiler\ti-cgt-arm_16.9.2.LTS\lib\</path>
         <kind>archive</kind>
         <file>rtsv7M4_T_le_v4SPD16_eabi.lib</file>
         <name>strcpy.obj</name>
      </input_file>
      <input_file id="fl-f2">
         <path>C:\ti\ccsv7\tools\compiler\ti-cgt-arm_16.9.2.LTS\lib\</path>
         <kind>archive</kind>
         <file>rtsv7M4_T_le_v4SPD16_eabi.lib</file>
         <name>fopen.obj</name>
      </input_file>
      <input_file id="fl-f3">
         <path>C:\ti\ccsv7\tools\compiler\ti-cgt-arm_16.9.2.LTS\lib\</path>
         <kind>archive</kind>
         <file>rtsv7M4_T_le_v4SPD16_eabi.lib</file>
         <name>memory.obj</name>
      </input_file>
      <input_file id="fl-f4">
         <path>C:\ti\ccsv7\tools\compiler\ti-cgt-arm_16.9.2.LTS\lib\</path>
         <kind>archive</kind>
         <file>rtsv7M4_T_le_v4SPD16_eabi.lib</file>
         <name>fclose.obj</name>
      </input_file>
      <input_file id="fl-f5">
         <path>C:\ti\ccsv7\tools\compiler\ti-cgt-arm_16.9.2.LTS\lib\</path>
         <kind>archive</kind>
         <file>rtsv7M4_T_le_v4SPD16_eabi.lib</file>
         <name>remove.obj</name>
      </input_file>
   </input_file_list>
   <object_component_list>
      <object_component id="oc-2c">
         <name>.intvecs:retain</name>
         <load_address>0x0</load_address>
         <run_address>0x0</run_address>
         <size>0xe4</size>
         <input_file_ref idref="fl-4"/>
      </object_component>
      <object_component id="oc-128">
         <name>.text</name>
         <load_address>0xe4</load_address>
         <run_address>0xe4</run_address>
         <size>0x113e</size>
         <input_file_ref idref="fl-ce"/>
      </object_component>
      <object_component id="oc-7e">
         <name>.text:Default_Handler</name>
         <load_address>0x1222</load_address>
         <run_address>0x1222</run_address>
         <size>0x2</size>
         <input_file_ref idref="fl-4"/>
      </object_component>
      <object_component id="oc-242">
         <name>.text</name>
         <load_address>0x1224</load_address>
         <run_address>0x1224</run_address>
         <size>0x3d0</size>
         <input_file_ref idref="fl-f3"/>
      </object_component>
      <object_component id="oc-25f">
         <name>.text</name>
         <load_address>0x15f4</load_address>
         <run_address>0x15f4</run_address>
         <size>0x324</size>
         <input_file_ref idref="fl-e8"/>
      </object_component>
      <object_component id="oc-156">
         <name>.text</name>
         <load_address>0x1918</load_address>
         <run_address>0x1918</run_address>
         <size>0x30c</size>
         <input_file_ref idref="fl-dd"/>
      </object_component>
      <object_component id="oc-16c">
         <name>.text</name>
         <load_address>0x1c24</load_address>
         <run_address>0x1c24</run_address>
         <size>0x1f4</size>
         <input_file_ref idref="fl-ea"/>
      </object_component>
      <object_component id="oc-248">
         <name>.text</name>
         <load_address>0x1e18</load_address>
         <run_address>0x1e18</run_address>
         <size>0x1c4</size>
         <input_file_ref idref="fl-f2"/>
      </object_component>
      <object_component id="oc-195">
         <name>.text</name>
         <load_address>0x1fdc</load_address>
         <run_address>0x1fdc</run_address>
         <size>0x1b6</size>
         <input_file_ref idref="fl-d5"/>
      </object_component>
      <object_component id="oc-17b">
         <name>.text</name>
         <load_address>0x2192</load_address>
         <run_address>0x2192</run_address>
         <size>0x136</size>
         <input_file_ref idref="fl-d7"/>
      </object_component>
      <object_component id="oc-122">
         <name>.text</name>
         <load_address>0x22c8</load_address>
         <run_address>0x22c8</run_address>
         <size>0x134</size>
         <input_file_ref idref="fl-db"/>
      </object_component>
      <object_component id="oc-b7">
         <name>.text:main</name>
         <load_address>0x23fc</load_address>
         <run_address>0x23fc</run_address>
         <size>0x11c</size>
         <input_file_ref idref="fl-2"/>
      </object_component>
      <object_component id="oc-176">
         <name>.text</name>
         <load_address>0x2518</load_address>
         <run_address>0x2518</run_address>
         <size>0xfc</size>
         <input_file_ref idref="fl-d8"/>
      </object_component>
      <object_component id="oc-1a0">
         <name>.text</name>
         <load_address>0x2614</load_address>
         <run_address>0x2614</run_address>
         <size>0xfc</size>
         <input_file_ref idref="fl-e2"/>
      </object_component>
      <object_component id="oc-1e6">
         <name>.text</name>
         <load_address>0x2710</load_address>
         <run_address>0x2710</run_address>
         <size>0xdc</size>
         <input_file_ref idref="fl-f0"/>
      </object_component>
      <object_component id="oc-150">
         <name>.text</name>
         <load_address>0x27ec</load_address>
         <run_address>0x27ec</run_address>
         <size>0xc8</size>
         <input_file_ref idref="fl-ed"/>
      </object_component>
      <object_component id="oc-14a">
         <name>.text</name>
         <load_address>0x28b4</load_address>
         <run_address>0x28b4</run_address>
         <size>0xac</size>
         <input_file_ref idref="fl-eb"/>
      </object_component>
      <object_component id="oc-3e">
         <name>.text</name>
         <load_address>0x2960</load_address>
         <run_address>0x2960</run_address>
         <size>0x9c</size>
         <input_file_ref idref="fl-c7"/>
      </object_component>
      <object_component id="oc-28a">
         <name>.text</name>
         <load_address>0x29fc</load_address>
         <run_address>0x29fc</run_address>
         <size>0x98</size>
         <input_file_ref idref="fl-f4"/>
      </object_component>
      <object_component id="oc-11c">
         <name>.text</name>
         <load_address>0x2a94</load_address>
         <run_address>0x2a94</run_address>
         <size>0x98</size>
         <input_file_ref idref="fl-da"/>
      </object_component>
      <object_component id="oc-171">
         <name>.text:__aeabi_cdcmple</name>
         <load_address>0x2b2c</load_address>
         <run_address>0x2b2c</run_address>
         <size>0x86</size>
         <input_file_ref idref="fl-d6"/>
      </object_component>
      <object_component id="oc-180">
         <name>.text:__aeabi_cdrcmple</name>
         <load_address>0x2bb2</load_address>
         <run_address>0x2bb2</run_address>
         <size>0x86</size>
         <input_file_ref idref="fl-d6"/>
      </object_component>
      <object_component id="oc-4a">
         <name>.text</name>
         <load_address>0x2c38</load_address>
         <run_address>0x2c38</run_address>
         <size>0x7a</size>
         <input_file_ref idref="fl-c8"/>
      </object_component>
      <object_component id="oc-56">
         <name>.text</name>
         <load_address>0x2cb2</load_address>
         <run_address>0x2cb2</run_address>
         <size>0x2</size>
         <input_file_ref idref="fl-c9"/>
      </object_component>
      <object_component id="oc-ca">
         <name>.text:SystemInit</name>
         <load_address>0x2cb4</load_address>
         <run_address>0x2cb4</run_address>
         <size>0x78</size>
         <input_file_ref idref="fl-3"/>
      </object_component>
      <object_component id="oc-62">
         <name>.text</name>
         <load_address>0x2d2c</load_address>
         <run_address>0x2d2c</run_address>
         <size>0x70</size>
         <input_file_ref idref="fl-d1"/>
      </object_component>
      <object_component id="oc-d2">
         <name>.text</name>
         <load_address>0x2d9c</load_address>
         <run_address>0x2d9c</run_address>
         <size>0x70</size>
         <input_file_ref idref="fl-cb"/>
      </object_component>
      <object_component id="oc-14">
         <name>.text:decompress:lzss</name>
         <load_address>0x2e0c</load_address>
         <run_address>0x2e0c</run_address>
         <size>0x68</size>
         <input_file_ref idref="fl-c3"/>
      </object_component>
      <object_component id="oc-299">
         <name>.text</name>
         <load_address>0x2e74</load_address>
         <run_address>0x2e74</run_address>
         <size>0x68</size>
         <input_file_ref idref="fl-e9"/>
      </object_component>
      <object_component id="oc-1e0">
         <name>.text</name>
         <load_address>0x2edc</load_address>
         <run_address>0x2edc</run_address>
         <size>0x64</size>
         <input_file_ref idref="fl-ee"/>
      </object_component>
      <object_component id="oc-19a">
         <name>.text</name>
         <load_address>0x2f40</load_address>
         <run_address>0x2f40</run_address>
         <size>0x64</size>
         <input_file_ref idref="fl-e1"/>
      </object_component>
      <object_component id="oc-26">
         <name>.text</name>
         <load_address>0x2fa4</load_address>
         <run_address>0x2fa4</run_address>
         <size>0x54</size>
         <input_file_ref idref="fl-c2"/>
      </object_component>
      <object_component id="oc-6e">
         <name>.text</name>
         <load_address>0x2ff8</load_address>
         <run_address>0x2ff8</run_address>
         <size>0x54</size>
         <input_file_ref idref="fl-c6"/>
      </object_component>
      <object_component id="oc-18a">
         <name>.text</name>
         <load_address>0x304c</load_address>
         <run_address>0x304c</run_address>
         <size>0x54</size>
         <input_file_ref idref="fl-de"/>
      </object_component>
      <object_component id="oc-84">
         <name>.text:ADC14_IRQHandler</name>
         <load_address>0x30a0</load_address>
         <run_address>0x30a0</run_address>
         <size>0x50</size>
         <input_file_ref idref="fl-2"/>
      </object_component>
      <object_component id="oc-1ac">
         <name>.text</name>
         <load_address>0x30f0</load_address>
         <run_address>0x30f0</run_address>
         <size>0x4c</size>
         <input_file_ref idref="fl-d0"/>
      </object_component>
      <object_component id="oc-a9">
         <name>.text</name>
         <load_address>0x313c</load_address>
         <run_address>0x313c</run_address>
         <size>0x4c</size>
         <input_file_ref idref="fl-d2"/>
      </object_component>
      <object_component id="oc-185">
         <name>.text</name>
         <load_address>0x3188</load_address>
         <run_address>0x3188</run_address>
         <size>0x48</size>
         <input_file_ref idref="fl-d9"/>
      </object_component>
      <object_component id="oc-1f9">
         <name>.text</name>
         <load_address>0x31d0</load_address>
         <run_address>0x31d0</run_address>
         <size>0x36</size>
         <input_file_ref idref="fl-e7"/>
      </object_component>
      <object_component id="oc-190">
         <name>.text</name>
         <load_address>0x3206</load_address>
         <run_address>0x3206</run_address>
         <size>0x2e</size>
         <input_file_ref idref="fl-dc"/>
      </object_component>
      <object_component id="oc-164">
         <name>.text</name>
         <load_address>0x3234</load_address>
         <run_address>0x3234</run_address>
         <size>0x20</size>
         <input_file_ref idref="fl-e0"/>
      </object_component>
      <object_component id="oc-1b2">
         <name>.text</name>
         <load_address>0x3254</load_address>
         <run_address>0x3254</run_address>
         <size>0x1c</size>
         <input_file_ref idref="fl-df"/>
      </object_component>
      <object_component id="oc-68">
         <name>.text</name>
         <load_address>0x3270</load_address>
         <run_address>0x3270</run_address>
         <size>0x18</size>
         <input_file_ref idref="fl-cf"/>
      </object_component>
      <object_component id="oc-1f3">
         <name>.text</name>
         <load_address>0x3288</load_address>
         <run_address>0x3288</run_address>
         <size>0x18</size>
         <input_file_ref idref="fl-e5"/>
      </object_component>
      <object_component id="oc-1a6">
         <name>.text</name>
         <load_address>0x32a0</load_address>
         <run_address>0x32a0</run_address>
         <size>0x16</size>
         <input_file_ref idref="fl-e4"/>
      </object_component>
      <object_component id="oc-af">
         <name>.text</name>
         <load_address>0x32b6</load_address>
         <run_address>0x32b6</run_address>
         <size>0x2</size>
         <input_file_ref idref="fl-e3"/>
      </object_component>
      <object_component id="oc-10f">
         <name>.text</name>
         <load_address>0x32b8</load_address>
         <run_address>0x32b8</run_address>
         <size>0x14</size>
         <input_file_ref idref="fl-cd"/>
      </object_component>
      <object_component id="oc-223">
         <name>.text</name>
         <load_address>0x32cc</load_address>
         <run_address>0x32cc</run_address>
         <size>0x14</size>
         <input_file_ref idref="fl-ef"/>
      </object_component>
      <object_component id="oc-29f">
         <name>.text</name>
         <load_address>0x32e0</load_address>
         <run_address>0x32e0</run_address>
         <size>0x14</size>
         <input_file_ref idref="fl-f1"/>
      </object_component>
      <object_component id="oc-15e">
         <name>.text</name>
         <load_address>0x32f4</load_address>
         <run_address>0x32f4</run_address>
         <size>0x14</size>
         <input_file_ref idref="fl-e6"/>
      </object_component>
      <object_component id="oc-1a">
         <name>.text:decompress:none</name>
         <load_address>0x3308</load_address>
         <run_address>0x3308</run_address>
         <size>0xe</size>
         <input_file_ref idref="fl-c4"/>
      </object_component>
      <object_component id="oc-78">
         <name>.text:Reset_Handler</name>
         <load_address>0x3316</load_address>
         <run_address>0x3316</run_address>
         <size>0xc</size>
         <input_file_ref idref="fl-4"/>
      </object_component>
      <object_component id="oc-20">
         <name>.text:decompress:ZI</name>
         <load_address>0x3322</load_address>
         <run_address>0x3322</run_address>
         <size>0xc</size>
         <input_file_ref idref="fl-c5"/>
      </object_component>
      <object_component id="oc-5c">
         <name>.text</name>
         <load_address>0x332e</load_address>
         <run_address>0x332e</run_address>
         <size>0x4</size>
         <input_file_ref idref="fl-ca"/>
      </object_component>
      <object_component id="oc-230">
         <name>.const:.string:_ctypes_</name>
         <load_address>0x3332</load_address>
         <run_address>0x3332</run_address>
         <size>0x101</size>
         <input_file_ref idref="fl-d3"/>
      </object_component>
      <object_component id="oc-2f2">
         <name>.cinit..data.load</name>
         <load_address>0x3438</load_address>
         <run_address>0x3438</run_address>
         <size>0x6d</size>
      </object_component>
      <object_component id="oc-2f0">
         <name>__TI_handler_table</name>
         <load_address>0x34a8</load_address>
         <run_address>0x34a8</run_address>
         <size>0xc</size>
      </object_component>
      <object_component id="oc-2f3">
         <name>.cinit..bss.load</name>
         <load_address>0x34b8</load_address>
         <run_address>0x34b8</run_address>
         <size>0x8</size>
      </object_component>
      <object_component id="oc-2f1">
         <name>__TI_cinit_table</name>
         <load_address>0x34c0</load_address>
         <run_address>0x34c0</run_address>
         <size>0x10</size>
      </object_component>
      <object_component id="oc-2cd">
         <name>.binit</name>
         <load_address>0x0</load_address>
         <run_address>0x0</run_address>
         <size>0x0</size>
      </object_component>
      <object_component id="oc-bf">
         <name>.data:$O1$$</name>
         <load_address>0x200009d0</load_address>
         <run_address>0x200009d0</run_address>
         <size>0xc</size>
         <input_file_ref idref="fl-c6"/>
      </object_component>
      <object_component id="oc-74">
         <name>.data</name>
         <load_address>0x200009f8</load_address>
         <run_address>0x200009f8</run_address>
         <size>0x4</size>
         <input_file_ref idref="fl-cc"/>
      </object_component>
      <object_component id="oc-c2">
         <name>.data:$O1$$</name>
         <load_address>0x200009e8</load_address>
         <run_address>0x200009e8</run_address>
         <size>0x8</size>
         <input_file_ref idref="fl-cd"/>
      </object_component>
      <object_component id="oc-12e">
         <name>.data:_ftable</name>
         <load_address>0x20000800</load_address>
         <run_address>0x20000800</run_address>
         <size>0xf0</size>
         <input_file_ref idref="fl-d4"/>
      </object_component>
      <object_component id="oc-1ee">
         <name>.data</name>
         <load_address>0x200009c0</load_address>
         <run_address>0x200009c0</run_address>
         <size>0x10</size>
         <input_file_ref idref="fl-d4"/>
      </object_component>
      <object_component id="oc-1ff">
         <name>.data:$O1$$</name>
         <load_address>0x200008f0</load_address>
         <run_address>0x200008f0</run_address>
         <size>0xd0</size>
         <input_file_ref idref="fl-dd"/>
      </object_component>
      <object_component id="oc-229">
         <name>.data</name>
         <load_address>0x200009f0</load_address>
         <run_address>0x200009f0</run_address>
         <size>0x4</size>
         <input_file_ref idref="fl-ec"/>
      </object_component>
      <object_component id="oc-290">
         <name>.data</name>
         <load_address>0x200009f4</load_address>
         <run_address>0x200009f4</run_address>
         <size>0x4</size>
         <input_file_ref idref="fl-f2"/>
      </object_component>
      <object_component id="oc-286">
         <name>.data:$O1$$</name>
         <load_address>0x200009dc</load_address>
         <run_address>0x200009dc</run_address>
         <size>0xc</size>
         <input_file_ref idref="fl-f3"/>
      </object_component>
      <object_component id="oc-d8">
         <name>.bss:resultsBuffer</name>
         <uninitialized>true</uninitialized>
         <run_address>0x20000bc4</run_address>
         <size>0x8</size>
         <input_file_ref idref="fl-2"/>
      </object_component>
      <object_component id="oc-2a5">
         <name>.bss:parmbuf</name>
         <uninitialized>true</uninitialized>
         <run_address>0x20000bbc</run_address>
         <size>0x8</size>
         <input_file_ref idref="fl-e8"/>
      </object_component>
      <object_component id="oc-2b8">
         <name>.bss:_CIOBUF_</name>
         <uninitialized>true</uninitialized>
         <run_address>0x200009fc</run_address>
         <size>0x120</size>
         <input_file_ref idref="fl-e9"/>
      </object_component>
      <object_component id="oc-2b3">
         <name>.common:__TI_tmpnams</name>
         <uninitialized>true</uninitialized>
         <run_address>0x20000b1c</run_address>
         <size>0xa0</size>
      </object_component>
      <object_component id="oc-30">
         <name>.sysmem</name>
         <uninitialized>true</uninitialized>
         <run_address>0x20000000</run_address>
         <size>0x8</size>
         <input_file_ref idref="fl-f3"/>
      </object_component>
      <object_component id="oc-2f5">
         <name>.sysmem</name>
         <uninitialized>true</uninitialized>
         <run_address>0x20000000</run_address>
         <size>0x0</size>
      </object_component>
      <object_component id="oc-2f">
         <name>.stack</name>
         <uninitialized>true</uninitialized>
         <run_address>0x2000fe00</run_address>
         <size>0x0</size>
         <input_file_ref idref="fl-c2"/>
      </object_component>
      <object_component id="oc-2f4">
         <name>.stack</name>
         <uninitialized>true</uninitialized>
         <run_address>0x2000fe00</run_address>
         <size>0x0</size>
      </object_component>
      <object_component id="oc-13a">
         <name>.debug_info</name>
         <load_address>0x0</load_address>
         <run_address>0x0</run_address>
         <size>0x422</size>
         <input_file_ref idref="fl-2"/>
      </object_component>
      <object_component id="oc-d9">
         <name>.debug_info</name>
         <load_address>0x422</load_address>
         <run_address>0x422</run_address>
         <size>0x12b</size>
         <input_file_ref idref="fl-2"/>
      </object_component>
      <object_component id="oc-b9">
         <name>.debug_info</name>
         <load_address>0x54d</load_address>
         <run_address>0x54d</run_address>
         <size>0x20c</size>
         <input_file_ref idref="fl-2"/>
      </object_component>
      <object_component id="oc-85">
         <name>.debug_info</name>
         <load_address>0x759</load_address>
         <run_address>0x759</run_address>
         <size>0x1cc</size>
         <input_file_ref idref="fl-2"/>
      </object_component>
      <object_component id="oc-1db">
         <name>.debug_info</name>
         <load_address>0x925</load_address>
         <run_address>0x925</run_address>
         <size>0x1055</size>
         <input_file_ref idref="fl-2"/>
      </object_component>
      <object_component id="oc-1d6">
         <name>.debug_info</name>
         <load_address>0x197a</load_address>
         <run_address>0x197a</run_address>
         <size>0x37cd</size>
         <input_file_ref idref="fl-2"/>
      </object_component>
      <object_component id="oc-f1">
         <name>.debug_info</name>
         <load_address>0x5147</load_address>
         <run_address>0x5147</run_address>
         <size>0x8b</size>
         <input_file_ref idref="fl-2"/>
      </object_component>
      <object_component id="oc-dc">
         <name>.debug_info</name>
         <load_address>0x51d2</load_address>
         <run_address>0x51d2</run_address>
         <size>0x18b</size>
         <input_file_ref idref="fl-2"/>
      </object_component>
      <object_component id="oc-a0">
         <name>.debug_info</name>
         <load_address>0x535d</load_address>
         <run_address>0x535d</run_address>
         <size>0x2c</size>
         <input_file_ref idref="fl-2"/>
      </object_component>
      <object_component id="oc-cc">
         <name>.debug_info</name>
         <load_address>0x5389</load_address>
         <run_address>0x5389</run_address>
         <size>0x161</size>
         <input_file_ref idref="fl-3"/>
      </object_component>
      <object_component id="oc-39">
         <name>.debug_info</name>
         <load_address>0x54ea</load_address>
         <run_address>0x54ea</run_address>
         <size>0x84</size>
         <input_file_ref idref="fl-3"/>
      </object_component>
      <object_component id="oc-8c">
         <name>.debug_info</name>
         <load_address>0x556e</load_address>
         <run_address>0x556e</run_address>
         <size>0x155</size>
         <input_file_ref idref="fl-4"/>
      </object_component>
      <object_component id="oc-2d">
         <name>.debug_info</name>
         <load_address>0x56c3</load_address>
         <run_address>0x56c3</run_address>
         <size>0x12d</size>
         <input_file_ref idref="fl-4"/>
      </object_component>
      <object_component id="oc-7b">
         <name>.debug_info</name>
         <load_address>0x57f0</load_address>
         <run_address>0x57f0</run_address>
         <size>0x190</size>
         <input_file_ref idref="fl-4"/>
      </object_component>
      <object_component id="oc-7f">
         <name>.debug_info</name>
         <load_address>0x5980</load_address>
         <run_address>0x5980</run_address>
         <size>0x178</size>
         <input_file_ref idref="fl-4"/>
      </object_component>
      <object_component id="oc-27">
         <name>.debug_info</name>
         <load_address>0x5af8</load_address>
         <run_address>0x5af8</run_address>
         <size>0x160</size>
         <input_file_ref idref="fl-c2"/>
      </object_component>
      <object_component id="oc-96">
         <name>.debug_info</name>
         <load_address>0x5c58</load_address>
         <run_address>0x5c58</run_address>
         <size>0xf9</size>
         <input_file_ref idref="fl-c3"/>
      </object_component>
      <object_component id="oc-15">
         <name>.debug_info</name>
         <load_address>0x5d51</load_address>
         <run_address>0x5d51</run_address>
         <size>0x245</size>
         <input_file_ref idref="fl-c3"/>
      </object_component>
      <object_component id="oc-34">
         <name>.debug_info</name>
         <load_address>0x5f96</load_address>
         <run_address>0x5f96</run_address>
         <size>0x60</size>
         <input_file_ref idref="fl-c3"/>
      </object_component>
      <object_component id="oc-91">
         <name>.debug_info</name>
         <load_address>0x5ff6</load_address>
         <run_address>0x5ff6</run_address>
         <size>0x46</size>
         <input_file_ref idref="fl-c3"/>
      </object_component>
      <object_component id="oc-49">
         <name>.debug_info</name>
         <load_address>0x603c</load_address>
         <run_address>0x603c</run_address>
         <size>0x140</size>
         <input_file_ref idref="fl-c4"/>
      </object_component>
      <object_component id="oc-1e">
         <name>.debug_info</name>
         <load_address>0x617c</load_address>
         <run_address>0x617c</run_address>
         <size>0x1df</size>
         <input_file_ref idref="fl-c4"/>
      </object_component>
      <object_component id="oc-44">
         <name>.debug_info</name>
         <load_address>0x635b</load_address>
         <run_address>0x635b</run_address>
         <size>0x46</size>
         <input_file_ref idref="fl-c4"/>
      </object_component>
      <object_component id="oc-98">
         <name>.debug_info</name>
         <load_address>0x63a1</load_address>
         <run_address>0x63a1</run_address>
         <size>0x2c</size>
         <input_file_ref idref="fl-c4"/>
      </object_component>
      <object_component id="oc-55">
         <name>.debug_info</name>
         <load_address>0x63cd</load_address>
         <run_address>0x63cd</run_address>
         <size>0x12f</size>
         <input_file_ref idref="fl-c5"/>
      </object_component>
      <object_component id="oc-23">
         <name>.debug_info</name>
         <load_address>0x64fc</load_address>
         <run_address>0x64fc</run_address>
         <size>0x1aa</size>
         <input_file_ref idref="fl-c5"/>
      </object_component>
      <object_component id="oc-50">
         <name>.debug_info</name>
         <load_address>0x66a6</load_address>
         <run_address>0x66a6</run_address>
         <size>0x46</size>
         <input_file_ref idref="fl-c5"/>
      </object_component>
      <object_component id="oc-c6">
         <name>.debug_info</name>
         <load_address>0x66ec</load_address>
         <run_address>0x66ec</run_address>
         <size>0x234</size>
         <input_file_ref idref="fl-c6"/>
      </object_component>
      <object_component id="oc-c0">
         <name>.debug_info</name>
         <load_address>0x6920</load_address>
         <run_address>0x6920</run_address>
         <size>0x185</size>
         <input_file_ref idref="fl-c6"/>
      </object_component>
      <object_component id="oc-6f">
         <name>.debug_info</name>
         <load_address>0x6aa5</load_address>
         <run_address>0x6aa5</run_address>
         <size>0x214</size>
         <input_file_ref idref="fl-c6"/>
      </object_component>
      <object_component id="oc-3f">
         <name>.debug_info</name>
         <load_address>0x6cb9</load_address>
         <run_address>0x6cb9</run_address>
         <size>0x111</size>
         <input_file_ref idref="fl-c7"/>
      </object_component>
      <object_component id="oc-4d">
         <name>.debug_info</name>
         <load_address>0x6dca</load_address>
         <run_address>0x6dca</run_address>
         <size>0x13f</size>
         <input_file_ref idref="fl-c8"/>
      </object_component>
      <object_component id="oc-57">
         <name>.debug_info</name>
         <load_address>0x6f09</load_address>
         <run_address>0x6f09</run_address>
         <size>0x138</size>
         <input_file_ref idref="fl-c9"/>
      </object_component>
      <object_component id="oc-5e">
         <name>.debug_info</name>
         <load_address>0x7041</load_address>
         <run_address>0x7041</run_address>
         <size>0x148</size>
         <input_file_ref idref="fl-ca"/>
      </object_component>
      <object_component id="oc-132">
         <name>.debug_info</name>
         <load_address>0x7189</load_address>
         <run_address>0x7189</run_address>
         <size>0x22c</size>
         <input_file_ref idref="fl-cb"/>
      </object_component>
      <object_component id="oc-d3">
         <name>.debug_info</name>
         <load_address>0x73b5</load_address>
         <run_address>0x73b5</run_address>
         <size>0x284</size>
         <input_file_ref idref="fl-cb"/>
      </object_component>
      <object_component id="oc-1cf">
         <name>.debug_info</name>
         <load_address>0x7639</load_address>
         <run_address>0x7639</run_address>
         <size>0xae</size>
         <input_file_ref idref="fl-cb"/>
      </object_component>
      <object_component id="oc-133">
         <name>.debug_info</name>
         <load_address>0x76e7</load_address>
         <run_address>0x76e7</run_address>
         <size>0x4e</size>
         <input_file_ref idref="fl-cb"/>
      </object_component>
      <object_component id="oc-75">
         <name>.debug_info</name>
         <load_address>0x7735</load_address>
         <run_address>0x7735</run_address>
         <size>0x109</size>
         <input_file_ref idref="fl-cc"/>
      </object_component>
      <object_component id="oc-117">
         <name>.debug_info</name>
         <load_address>0x783e</load_address>
         <run_address>0x783e</run_address>
         <size>0x124</size>
         <input_file_ref idref="fl-cd"/>
      </object_component>
      <object_component id="oc-c3">
         <name>.debug_info</name>
         <load_address>0x7962</load_address>
         <run_address>0x7962</run_address>
         <size>0x113</size>
         <input_file_ref idref="fl-cd"/>
      </object_component>
      <object_component id="oc-112">
         <name>.debug_info</name>
         <load_address>0x7a75</load_address>
         <run_address>0x7a75</run_address>
         <size>0x21f</size>
         <input_file_ref idref="fl-cd"/>
      </object_component>
      <object_component id="oc-1b9">
         <name>.debug_info</name>
         <load_address>0x7c94</load_address>
         <run_address>0x7c94</run_address>
         <size>0x385</size>
         <input_file_ref idref="fl-ce"/>
      </object_component>
      <object_component id="oc-129">
         <name>.debug_info</name>
         <load_address>0x8019</load_address>
         <run_address>0x8019</run_address>
         <size>0x1543</size>
         <input_file_ref idref="fl-ce"/>
      </object_component>
      <object_component id="oc-1ba">
         <name>.debug_info</name>
         <load_address>0x955c</load_address>
         <run_address>0x955c</run_address>
         <size>0x86</size>
         <input_file_ref idref="fl-ce"/>
      </object_component>
      <object_component id="oc-1c4">
         <name>.debug_info</name>
         <load_address>0x95e2</load_address>
         <run_address>0x95e2</run_address>
         <size>0x2c</size>
         <input_file_ref idref="fl-ce"/>
      </object_component>
      <object_component id="oc-239">
         <name>.debug_info</name>
         <load_address>0x960e</load_address>
         <run_address>0x960e</run_address>
         <size>0x46</size>
         <input_file_ref idref="fl-ce"/>
      </object_component>
      <object_component id="oc-1bf">
         <name>.debug_info</name>
         <load_address>0x9654</load_address>
         <run_address>0x9654</run_address>
         <size>0x39</size>
         <input_file_ref idref="fl-ce"/>
      </object_component>
      <object_component id="oc-be">
         <name>.debug_info</name>
         <load_address>0x968d</load_address>
         <run_address>0x968d</run_address>
         <size>0x166</size>
         <input_file_ref idref="fl-cf"/>
      </object_component>
      <object_component id="oc-69">
         <name>.debug_info</name>
         <load_address>0x97f3</load_address>
         <run_address>0x97f3</run_address>
         <size>0x167</size>
         <input_file_ref idref="fl-cf"/>
      </object_component>
      <object_component id="oc-108">
         <name>.debug_info</name>
         <load_address>0x995a</load_address>
         <run_address>0x995a</run_address>
         <size>0x5e</size>
         <input_file_ref idref="fl-cf"/>
      </object_component>
      <object_component id="oc-234">
         <name>.debug_info</name>
         <load_address>0x99b8</load_address>
         <run_address>0x99b8</run_address>
         <size>0x114</size>
         <input_file_ref idref="fl-d0"/>
      </object_component>
      <object_component id="oc-1ad">
         <name>.debug_info</name>
         <load_address>0x9acc</load_address>
         <run_address>0x9acc</run_address>
         <size>0x171</size>
         <input_file_ref idref="fl-d0"/>
      </object_component>
      <object_component id="oc-b6">
         <name>.debug_info</name>
         <load_address>0x9c3d</load_address>
         <run_address>0x9c3d</run_address>
         <size>0x2e9</size>
         <input_file_ref idref="fl-d1"/>
      </object_component>
      <object_component id="oc-65">
         <name>.debug_info</name>
         <load_address>0x9f26</load_address>
         <run_address>0x9f26</run_address>
         <size>0x190</size>
         <input_file_ref idref="fl-d1"/>
      </object_component>
      <object_component id="oc-fb">
         <name>.debug_info</name>
         <load_address>0xa0b6</load_address>
         <run_address>0xa0b6</run_address>
         <size>0x39</size>
         <input_file_ref idref="fl-d1"/>
      </object_component>
      <object_component id="oc-142">
         <name>.debug_info</name>
         <load_address>0xa0ef</load_address>
         <run_address>0xa0ef</run_address>
         <size>0x39</size>
         <input_file_ref idref="fl-d1"/>
      </object_component>
      <object_component id="oc-100">
         <name>.debug_info</name>
         <load_address>0xa128</load_address>
         <run_address>0xa128</run_address>
         <size>0xcd</size>
         <input_file_ref idref="fl-d1"/>
      </object_component>
      <object_component id="oc-f7">
         <name>.debug_info</name>
         <load_address>0xa1f5</load_address>
         <run_address>0xa1f5</run_address>
         <size>0x1e0</size>
         <input_file_ref idref="fl-d2"/>
      </object_component>
      <object_component id="oc-ab">
         <name>.debug_info</name>
         <load_address>0xa3d5</load_address>
         <run_address>0xa3d5</run_address>
         <size>0x183</size>
         <input_file_ref idref="fl-d2"/>
      </object_component>
      <object_component id="oc-13d">
         <name>.debug_info</name>
         <load_address>0xa558</load_address>
         <run_address>0xa558</run_address>
         <size>0x2c</size>
         <input_file_ref idref="fl-d2"/>
      </object_component>
      <object_component id="oc-27f">
         <name>.debug_info</name>
         <load_address>0xa584</load_address>
         <run_address>0xa584</run_address>
         <size>0xee</size>
         <input_file_ref idref="fl-d3"/>
      </object_component>
      <object_component id="oc-231">
         <name>.debug_info</name>
         <load_address>0xa672</load_address>
         <run_address>0xa672</run_address>
         <size>0xfa</size>
         <input_file_ref idref="fl-d3"/>
      </object_component>
      <object_component id="oc-1cb">
         <name>.debug_info</name>
         <load_address>0xa76c</load_address>
         <run_address>0xa76c</run_address>
         <size>0x139</size>
         <input_file_ref idref="fl-d4"/>
      </object_component>
      <object_component id="oc-12f">
         <name>.debug_info</name>
         <load_address>0xa8a5</load_address>
         <run_address>0xa8a5</run_address>
         <size>0xf7</size>
         <input_file_ref idref="fl-d4"/>
      </object_component>
      <object_component id="oc-1ef">
         <name>.debug_info</name>
         <load_address>0xa99c</load_address>
         <run_address>0xa99c</run_address>
         <size>0x184</size>
         <input_file_ref idref="fl-d4"/>
      </object_component>
      <object_component id="oc-197">
         <name>.debug_info</name>
         <load_address>0xab20</load_address>
         <run_address>0xab20</run_address>
         <size>0x144</size>
         <input_file_ref idref="fl-d5"/>
      </object_component>
      <object_component id="oc-174">
         <name>.debug_info</name>
         <load_address>0xac64</load_address>
         <run_address>0xac64</run_address>
         <size>0x120</size>
         <input_file_ref idref="fl-d6"/>
      </object_component>
      <object_component id="oc-183">
         <name>.debug_info</name>
         <load_address>0xad84</load_address>
         <run_address>0xad84</run_address>
         <size>0x122</size>
         <input_file_ref idref="fl-d6"/>
      </object_component>
      <object_component id="oc-17c">
         <name>.debug_info</name>
         <load_address>0xaea6</load_address>
         <run_address>0xaea6</run_address>
         <size>0x132</size>
         <input_file_ref idref="fl-d7"/>
      </object_component>
      <object_component id="oc-177">
         <name>.debug_info</name>
         <load_address>0xafd8</load_address>
         <run_address>0xafd8</run_address>
         <size>0x132</size>
         <input_file_ref idref="fl-d8"/>
      </object_component>
      <object_component id="oc-186">
         <name>.debug_info</name>
         <load_address>0xb10a</load_address>
         <run_address>0xb10a</run_address>
         <size>0x126</size>
         <input_file_ref idref="fl-d9"/>
      </object_component>
      <object_component id="oc-15d">
         <name>.debug_info</name>
         <load_address>0xb230</load_address>
         <run_address>0xb230</run_address>
         <size>0x1de</size>
         <input_file_ref idref="fl-da"/>
      </object_component>
      <object_component id="oc-11f">
         <name>.debug_info</name>
         <load_address>0xb40e</load_address>
         <run_address>0xb40e</run_address>
         <size>0x23f</size>
         <input_file_ref idref="fl-da"/>
      </object_component>
      <object_component id="oc-16b">
         <name>.debug_info</name>
         <load_address>0xb64d</load_address>
         <run_address>0xb64d</run_address>
         <size>0x2a2</size>
         <input_file_ref idref="fl-db"/>
      </object_component>
      <object_component id="oc-123">
         <name>.debug_info</name>
         <load_address>0xb8ef</load_address>
         <run_address>0xb8ef</run_address>
         <size>0x359</size>
         <input_file_ref idref="fl-db"/>
      </object_component>
      <object_component id="oc-191">
         <name>.debug_info</name>
         <load_address>0xbc48</load_address>
         <run_address>0xbc48</run_address>
         <size>0x124</size>
         <input_file_ref idref="fl-dc"/>
      </object_component>
      <object_component id="oc-203">
         <name>.debug_info</name>
         <load_address>0xbd6c</load_address>
         <run_address>0xbd6c</run_address>
         <size>0x4a0</size>
         <input_file_ref idref="fl-dd"/>
      </object_component>
      <object_component id="oc-200">
         <name>.debug_info</name>
         <load_address>0xc20c</load_address>
         <run_address>0xc20c</run_address>
         <size>0x116</size>
         <input_file_ref idref="fl-dd"/>
      </object_component>
      <object_component id="oc-157">
         <name>.debug_info</name>
         <load_address>0xc322</load_address>
         <run_address>0xc322</run_address>
         <size>0xb0b</size>
         <input_file_ref idref="fl-dd"/>
      </object_component>
      <object_component id="oc-269">
         <name>.debug_info</name>
         <load_address>0xce2d</load_address>
         <run_address>0xce2d</run_address>
         <size>0x120</size>
         <input_file_ref idref="fl-dd"/>
      </object_component>
      <object_component id="oc-205">
         <name>.debug_info</name>
         <load_address>0xcf4d</load_address>
         <run_address>0xcf4d</run_address>
         <size>0x2c</size>
         <input_file_ref idref="fl-dd"/>
      </object_component>
      <object_component id="oc-219">
         <name>.debug_info</name>
         <load_address>0xcf79</load_address>
         <run_address>0xcf79</run_address>
         <size>0x14c</size>
         <input_file_ref idref="fl-de"/>
      </object_component>
      <object_component id="oc-18b">
         <name>.debug_info</name>
         <load_address>0xd0c5</load_address>
         <run_address>0xd0c5</run_address>
         <size>0x1c2</size>
         <input_file_ref idref="fl-de"/>
      </object_component>
      <object_component id="oc-236">
         <name>.debug_info</name>
         <load_address>0xd287</load_address>
         <run_address>0xd287</run_address>
         <size>0xf1</size>
         <input_file_ref idref="fl-df"/>
      </object_component>
      <object_component id="oc-1b3">
         <name>.debug_info</name>
         <load_address>0xd378</load_address>
         <run_address>0xd378</run_address>
         <size>0x1ab</size>
         <input_file_ref idref="fl-df"/>
      </object_component>
      <object_component id="oc-20f">
         <name>.debug_info</name>
         <load_address>0xd523</load_address>
         <run_address>0xd523</run_address>
         <size>0x100</size>
         <input_file_ref idref="fl-e0"/>
      </object_component>
      <object_component id="oc-167">
         <name>.debug_info</name>
         <load_address>0xd623</load_address>
         <run_address>0xd623</run_address>
         <size>0x242</size>
         <input_file_ref idref="fl-e0"/>
      </object_component>
      <object_component id="oc-21d">
         <name>.debug_info</name>
         <load_address>0xd865</load_address>
         <run_address>0xd865</run_address>
         <size>0x13f</size>
         <input_file_ref idref="fl-e1"/>
      </object_component>
      <object_component id="oc-19b">
         <name>.debug_info</name>
         <load_address>0xd9a4</load_address>
         <run_address>0xd9a4</run_address>
         <size>0x18a</size>
         <input_file_ref idref="fl-e1"/>
      </object_component>
      <object_component id="oc-21e">
         <name>.debug_info</name>
         <load_address>0xdb2e</load_address>
         <run_address>0xdb2e</run_address>
         <size>0x2c</size>
         <input_file_ref idref="fl-e1"/>
      </object_component>
      <object_component id="oc-22d">
         <name>.debug_info</name>
         <load_address>0xdb5a</load_address>
         <run_address>0xdb5a</run_address>
         <size>0x17c</size>
         <input_file_ref idref="fl-e2"/>
      </object_component>
      <object_component id="oc-1a4">
         <name>.debug_info</name>
         <load_address>0xdcd6</load_address>
         <run_address>0xdcd6</run_address>
         <size>0x1d5</size>
         <input_file_ref idref="fl-e2"/>
      </object_component>
      <object_component id="oc-b1">
         <name>.debug_info</name>
         <load_address>0xdeab</load_address>
         <run_address>0xdeab</run_address>
         <size>0x145</size>
         <input_file_ref idref="fl-e3"/>
      </object_component>
      <object_component id="oc-22f">
         <name>.debug_info</name>
         <load_address>0xdff0</load_address>
         <run_address>0xdff0</run_address>
         <size>0xf5</size>
         <input_file_ref idref="fl-e4"/>
      </object_component>
      <object_component id="oc-1a7">
         <name>.debug_info</name>
         <load_address>0xe0e5</load_address>
         <run_address>0xe0e5</run_address>
         <size>0x244</size>
         <input_file_ref idref="fl-e4"/>
      </object_component>
      <object_component id="oc-25c">
         <name>.debug_info</name>
         <load_address>0xe329</load_address>
         <run_address>0xe329</run_address>
         <size>0xe5</size>
         <input_file_ref idref="fl-e5"/>
      </object_component>
      <object_component id="oc-1f6">
         <name>.debug_info</name>
         <load_address>0xe40e</load_address>
         <run_address>0xe40e</run_address>
         <size>0x258</size>
         <input_file_ref idref="fl-e5"/>
      </object_component>
      <object_component id="oc-20d">
         <name>.debug_info</name>
         <load_address>0xe666</load_address>
         <run_address>0xe666</run_address>
         <size>0xea</size>
         <input_file_ref idref="fl-e6"/>
      </object_component>
      <object_component id="oc-162">
         <name>.debug_info</name>
         <load_address>0xe750</load_address>
         <run_address>0xe750</run_address>
         <size>0x22a</size>
         <input_file_ref idref="fl-e6"/>
      </object_component>
      <object_component id="oc-25e">
         <name>.debug_info</name>
         <load_address>0xe97a</load_address>
         <run_address>0xe97a</run_address>
         <size>0xf6</size>
         <input_file_ref idref="fl-e7"/>
      </object_component>
      <object_component id="oc-1fa">
         <name>.debug_info</name>
         <load_address>0xea70</load_address>
         <run_address>0xea70</run_address>
         <size>0x259</size>
         <input_file_ref idref="fl-e7"/>
      </object_component>
      <object_component id="oc-2a9">
         <name>.debug_info</name>
         <load_address>0xecc9</load_address>
         <run_address>0xecc9</run_address>
         <size>0x24f</size>
         <input_file_ref idref="fl-e8"/>
      </object_component>
      <object_component id="oc-2a6">
         <name>.debug_info</name>
         <load_address>0xef18</load_address>
         <run_address>0xef18</run_address>
         <size>0xf8</size>
         <input_file_ref idref="fl-e8"/>
      </object_component>
      <object_component id="oc-263">
         <name>.debug_info</name>
         <load_address>0xf010</load_address>
         <run_address>0xf010</run_address>
         <size>0xab9</size>
         <input_file_ref idref="fl-e8"/>
      </object_component>
      <object_component id="oc-2aa">
         <name>.debug_info</name>
         <load_address>0xfac9</load_address>
         <run_address>0xfac9</run_address>
         <size>0x53</size>
         <input_file_ref idref="fl-e8"/>
      </object_component>
      <object_component id="oc-2bc">
         <name>.debug_info</name>
         <load_address>0xfb1c</load_address>
         <run_address>0xfb1c</run_address>
         <size>0x116</size>
         <input_file_ref idref="fl-e9"/>
      </object_component>
      <object_component id="oc-2b9">
         <name>.debug_info</name>
         <load_address>0xfc32</load_address>
         <run_address>0xfc32</run_address>
         <size>0xfd</size>
         <input_file_ref idref="fl-e9"/>
      </object_component>
      <object_component id="oc-29a">
         <name>.debug_info</name>
         <load_address>0xfd2f</load_address>
         <run_address>0xfd2f</run_address>
         <size>0x281</size>
         <input_file_ref idref="fl-e9"/>
      </object_component>
      <object_component id="oc-16d">
         <name>.debug_info</name>
         <load_address>0xffb0</load_address>
         <run_address>0xffb0</run_address>
         <size>0x17d</size>
         <input_file_ref idref="fl-ea"/>
      </object_component>
      <object_component id="oc-1ed">
         <name>.debug_info</name>
         <load_address>0x1012d</load_address>
         <run_address>0x1012d</run_address>
         <size>0x151</size>
         <input_file_ref idref="fl-eb"/>
      </object_component>
      <object_component id="oc-14b">
         <name>.debug_info</name>
         <load_address>0x1027e</load_address>
         <run_address>0x1027e</run_address>
         <size>0x230</size>
         <input_file_ref idref="fl-eb"/>
      </object_component>
      <object_component id="oc-250">
         <name>.debug_info</name>
         <load_address>0x104ae</load_address>
         <run_address>0x104ae</run_address>
         <size>0xbb</size>
         <input_file_ref idref="fl-eb"/>
      </object_component>
      <object_component id="oc-22a">
         <name>.debug_info</name>
         <load_address>0x10569</load_address>
         <run_address>0x10569</run_address>
         <size>0xf3</size>
         <input_file_ref idref="fl-ec"/>
      </object_component>
      <object_component id="oc-1f2">
         <name>.debug_info</name>
         <load_address>0x1065c</load_address>
         <run_address>0x1065c</run_address>
         <size>0x1a2</size>
         <input_file_ref idref="fl-ed"/>
      </object_component>
      <object_component id="oc-151">
         <name>.debug_info</name>
         <load_address>0x107fe</load_address>
         <run_address>0x107fe</run_address>
         <size>0x25a</size>
         <input_file_ref idref="fl-ed"/>
      </object_component>
      <object_component id="oc-241">
         <name>.debug_info</name>
         <load_address>0x10a58</load_address>
         <run_address>0x10a58</run_address>
         <size>0x17f</size>
         <input_file_ref idref="fl-ee"/>
      </object_component>
      <object_component id="oc-1e1">
         <name>.debug_info</name>
         <load_address>0x10bd7</load_address>
         <run_address>0x10bd7</run_address>
         <size>0x1e1</size>
         <input_file_ref idref="fl-ee"/>
      </object_component>
      <object_component id="oc-224">
         <name>.debug_info</name>
         <load_address>0x10db8</load_address>
         <run_address>0x10db8</run_address>
         <size>0x156</size>
         <input_file_ref idref="fl-ef"/>
      </object_component>
      <object_component id="oc-24f">
         <name>.debug_info</name>
         <load_address>0x10f0e</load_address>
         <run_address>0x10f0e</run_address>
         <size>0x1c0</size>
         <input_file_ref idref="fl-f0"/>
      </object_component>
      <object_component id="oc-1e7">
         <name>.debug_info</name>
         <load_address>0x110ce</load_address>
         <run_address>0x110ce</run_address>
         <size>0x200</size>
         <input_file_ref idref="fl-f0"/>
      </object_component>
      <object_component id="oc-2be">
         <name>.debug_info</name>
         <load_address>0x112ce</load_address>
         <run_address>0x112ce</run_address>
         <size>0xf0</size>
         <input_file_ref idref="fl-f1"/>
      </object_component>
      <object_component id="oc-2a3">
         <name>.debug_info</name>
         <load_address>0x113be</load_address>
         <run_address>0x113be</run_address>
         <size>0x231</size>
         <input_file_ref idref="fl-f1"/>
      </object_component>
      <object_component id="oc-292">
         <name>.debug_info</name>
         <load_address>0x115ef</load_address>
         <run_address>0x115ef</run_address>
         <size>0x23c</size>
         <input_file_ref idref="fl-f2"/>
      </object_component>
      <object_component id="oc-24a">
         <name>.debug_info</name>
         <load_address>0x1182b</load_address>
         <run_address>0x1182b</run_address>
         <size>0x455</size>
         <input_file_ref idref="fl-f2"/>
      </object_component>
      <object_component id="oc-e5">
         <name>.debug_info</name>
         <load_address>0x11c80</load_address>
         <run_address>0x11c80</run_address>
         <size>0x2c</size>
         <input_file_ref idref="fl-f2"/>
      </object_component>
      <object_component id="oc-8f">
         <name>.debug_info</name>
         <load_address>0x11cac</load_address>
         <run_address>0x11cac</run_address>
         <size>0x222</size>
         <input_file_ref idref="fl-f3"/>
      </object_component>
      <object_component id="oc-31">
         <name>.debug_info</name>
         <load_address>0x11ece</load_address>
         <run_address>0x11ece</run_address>
         <size>0x101</size>
         <input_file_ref idref="fl-f3"/>
      </object_component>
      <object_component id="oc-287">
         <name>.debug_info</name>
         <load_address>0x11fcf</load_address>
         <run_address>0x11fcf</run_address>
         <size>0x14c</size>
         <input_file_ref idref="fl-f3"/>
      </object_component>
      <object_component id="oc-243">
         <name>.debug_info</name>
         <load_address>0x1211b</load_address>
         <run_address>0x1211b</run_address>
         <size>0x885</size>
         <input_file_ref idref="fl-f3"/>
      </object_component>
      <object_component id="oc-ea">
         <name>.debug_info</name>
         <load_address>0x129a0</load_address>
         <run_address>0x129a0</run_address>
         <size>0x62</size>
         <input_file_ref idref="fl-f3"/>
      </object_component>
      <object_component id="oc-2b5">
         <name>.debug_info</name>
         <load_address>0x12a02</load_address>
         <run_address>0x12a02</run_address>
         <size>0x200</size>
         <input_file_ref idref="fl-f4"/>
      </object_component>
      <object_component id="oc-28b">
         <name>.debug_info</name>
         <load_address>0x12c02</load_address>
         <run_address>0x12c02</run_address>
         <size>0x298</size>
         <input_file_ref idref="fl-f4"/>
      </object_component>
      <object_component id="oc-2f6">
         <name>.debug_info</name>
         <load_address>0x12e9a</load_address>
         <run_address>0x12e9a</run_address>
         <size>0xd8</size>
      </object_component>
      <object_component id="oc-1d5">
         <name>.debug_line</name>
         <load_address>0x0</load_address>
         <run_address>0x0</run_address>
         <size>0x8e</size>
         <input_file_ref idref="fl-2"/>
      </object_component>
      <object_component id="oc-139">
         <name>.debug_line</name>
         <load_address>0x8e</load_address>
         <run_address>0x8e</run_address>
         <size>0x49</size>
         <input_file_ref idref="fl-2"/>
      </object_component>
      <object_component id="oc-b8">
         <name>.debug_line</name>
         <load_address>0xd7</load_address>
         <run_address>0xd7</run_address>
         <size>0x81</size>
         <input_file_ref idref="fl-2"/>
      </object_component>
      <object_component id="oc-89">
         <name>.debug_line</name>
         <load_address>0x158</load_address>
         <run_address>0x158</run_address>
         <size>0x67</size>
         <input_file_ref idref="fl-2"/>
      </object_component>
      <object_component id="oc-1de">
         <name>.debug_line</name>
         <load_address>0x1bf</load_address>
         <run_address>0x1bf</run_address>
         <size>0x76</size>
         <input_file_ref idref="fl-2"/>
      </object_component>
      <object_component id="oc-1d9">
         <name>.debug_line</name>
         <load_address>0x235</load_address>
         <run_address>0x235</run_address>
         <size>0x79</size>
         <input_file_ref idref="fl-2"/>
      </object_component>
      <object_component id="oc-f4">
         <name>.debug_line</name>
         <load_address>0x2ae</load_address>
         <run_address>0x2ae</run_address>
         <size>0x20</size>
         <input_file_ref idref="fl-2"/>
      </object_component>
      <object_component id="oc-df">
         <name>.debug_line</name>
         <load_address>0x2ce</load_address>
         <run_address>0x2ce</run_address>
         <size>0x65</size>
         <input_file_ref idref="fl-2"/>
      </object_component>
      <object_component id="oc-a3">
         <name>.debug_line</name>
         <load_address>0x333</load_address>
         <run_address>0x333</run_address>
         <size>0x65</size>
         <input_file_ref idref="fl-2"/>
      </object_component>
      <object_component id="oc-cb">
         <name>.debug_line</name>
         <load_address>0x398</load_address>
         <run_address>0x398</run_address>
         <size>0x66</size>
         <input_file_ref idref="fl-3"/>
      </object_component>
      <object_component id="oc-3c">
         <name>.debug_line</name>
         <load_address>0x3fe</load_address>
         <run_address>0x3fe</run_address>
         <size>0x20</size>
         <input_file_ref idref="fl-3"/>
      </object_component>
      <object_component id="oc-e2">
         <name>.debug_line</name>
         <load_address>0x41e</load_address>
         <run_address>0x41e</run_address>
         <size>0x44</size>
         <input_file_ref idref="fl-4"/>
      </object_component>
      <object_component id="oc-8b">
         <name>.debug_line</name>
         <load_address>0x462</load_address>
         <run_address>0x462</run_address>
         <size>0x44</size>
         <input_file_ref idref="fl-4"/>
      </object_component>
      <object_component id="oc-79">
         <name>.debug_line</name>
         <load_address>0x4a6</load_address>
         <run_address>0x4a6</run_address>
         <size>0x5d</size>
         <input_file_ref idref="fl-4"/>
      </object_component>
      <object_component id="oc-82">
         <name>.debug_line</name>
         <load_address>0x503</load_address>
         <run_address>0x503</run_address>
         <size>0x59</size>
         <input_file_ref idref="fl-4"/>
      </object_component>
      <object_component id="oc-2a">
         <name>.debug_line</name>
         <load_address>0x55c</load_address>
         <run_address>0x55c</run_address>
         <size>0x53</size>
         <input_file_ref idref="fl-c2"/>
      </object_component>
      <object_component id="oc-f0">
         <name>.debug_line</name>
         <load_address>0x5af</load_address>
         <run_address>0x5af</run_address>
         <size>0x20</size>
         <input_file_ref idref="fl-c3"/>
      </object_component>
      <object_component id="oc-18">
         <name>.debug_line</name>
         <load_address>0x5cf</load_address>
         <run_address>0x5cf</run_address>
         <size>0xa9</size>
         <input_file_ref idref="fl-c3"/>
      </object_component>
      <object_component id="oc-37">
         <name>.debug_line</name>
         <load_address>0x678</load_address>
         <run_address>0x678</run_address>
         <size>0x3a</size>
         <input_file_ref idref="fl-c3"/>
      </object_component>
      <object_component id="oc-94">
         <name>.debug_line</name>
         <load_address>0x6b2</load_address>
         <run_address>0x6b2</run_address>
         <size>0x8a</size>
         <input_file_ref idref="fl-c3"/>
      </object_component>
      <object_component id="oc-9e">
         <name>.debug_line</name>
         <load_address>0x73c</load_address>
         <run_address>0x73c</run_address>
         <size>0x8a</size>
         <input_file_ref idref="fl-c4"/>
      </object_component>
      <object_component id="oc-1d">
         <name>.debug_line</name>
         <load_address>0x7c6</load_address>
         <run_address>0x7c6</run_address>
         <size>0x55</size>
         <input_file_ref idref="fl-c4"/>
      </object_component>
      <object_component id="oc-47">
         <name>.debug_line</name>
         <load_address>0x81b</load_address>
         <run_address>0x81b</run_address>
         <size>0x3a</size>
         <input_file_ref idref="fl-c4"/>
      </object_component>
      <object_component id="oc-9b">
         <name>.debug_line</name>
         <load_address>0x855</load_address>
         <run_address>0x855</run_address>
         <size>0x8a</size>
         <input_file_ref idref="fl-c4"/>
      </object_component>
      <object_component id="oc-a6">
         <name>.debug_line</name>
         <load_address>0x8df</load_address>
         <run_address>0x8df</run_address>
         <size>0x8a</size>
         <input_file_ref idref="fl-c5"/>
      </object_component>
      <object_component id="oc-22">
         <name>.debug_line</name>
         <load_address>0x969</load_address>
         <run_address>0x969</run_address>
         <size>0x4f</size>
         <input_file_ref idref="fl-c5"/>
      </object_component>
      <object_component id="oc-53">
         <name>.debug_line</name>
         <load_address>0x9b8</load_address>
         <run_address>0x9b8</run_address>
         <size>0x34</size>
         <input_file_ref idref="fl-c5"/>
      </object_component>
      <object_component id="oc-11a">
         <name>.debug_line</name>
         <load_address>0x9ec</load_address>
         <run_address>0x9ec</run_address>
         <size>0xf2</size>
         <input_file_ref idref="fl-c6"/>
      </object_component>
      <object_component id="oc-10e">
         <name>.debug_line</name>
         <load_address>0xade</load_address>
         <run_address>0xade</run_address>
         <size>0x2a</size>
         <input_file_ref idref="fl-c6"/>
      </object_component>
      <object_component id="oc-72">
         <name>.debug_line</name>
         <load_address>0xb08</load_address>
         <run_address>0xb08</run_address>
         <size>0x86</size>
         <input_file_ref idref="fl-c6"/>
      </object_component>
      <object_component id="oc-42">
         <name>.debug_line</name>
         <load_address>0xb8e</load_address>
         <run_address>0xb8e</run_address>
         <size>0x88</size>
         <input_file_ref idref="fl-c7"/>
      </object_component>
      <object_component id="oc-4b">
         <name>.debug_line</name>
         <load_address>0xc16</load_address>
         <run_address>0xc16</run_address>
         <size>0x79</size>
         <input_file_ref idref="fl-c8"/>
      </object_component>
      <object_component id="oc-5a">
         <name>.debug_line</name>
         <load_address>0xc8f</load_address>
         <run_address>0xc8f</run_address>
         <size>0x3d</size>
         <input_file_ref idref="fl-c9"/>
      </object_component>
      <object_component id="oc-61">
         <name>.debug_line</name>
         <load_address>0xccc</load_address>
         <run_address>0xccc</run_address>
         <size>0x40</size>
         <input_file_ref idref="fl-ca"/>
      </object_component>
      <object_component id="oc-1ce">
         <name>.debug_line</name>
         <load_address>0xd0c</load_address>
         <run_address>0xd0c</run_address>
         <size>0xfe</size>
         <input_file_ref idref="fl-cb"/>
      </object_component>
      <object_component id="oc-d6">
         <name>.debug_line</name>
         <load_address>0xe0a</load_address>
         <run_address>0xe0a</run_address>
         <size>0x8d</size>
         <input_file_ref idref="fl-cb"/>
      </object_component>
      <object_component id="oc-1d2">
         <name>.debug_line</name>
         <load_address>0xe97</load_address>
         <run_address>0xe97</run_address>
         <size>0x89</size>
         <input_file_ref idref="fl-cb"/>
      </object_component>
      <object_component id="oc-136">
         <name>.debug_line</name>
         <load_address>0xf20</load_address>
         <run_address>0xf20</run_address>
         <size>0x8a</size>
         <input_file_ref idref="fl-cb"/>
      </object_component>
      <object_component id="oc-c9">
         <name>.debug_line</name>
         <load_address>0xfaa</load_address>
         <run_address>0xfaa</run_address>
         <size>0x33</size>
         <input_file_ref idref="fl-cc"/>
      </object_component>
      <object_component id="oc-149">
         <name>.debug_line</name>
         <load_address>0xfdd</load_address>
         <run_address>0xfdd</run_address>
         <size>0x20</size>
         <input_file_ref idref="fl-cd"/>
      </object_component>
      <object_component id="oc-116">
         <name>.debug_line</name>
         <load_address>0xffd</load_address>
         <run_address>0xffd</run_address>
         <size>0x2b</size>
         <input_file_ref idref="fl-cd"/>
      </object_component>
      <object_component id="oc-111">
         <name>.debug_line</name>
         <load_address>0x1028</load_address>
         <run_address>0x1028</run_address>
         <size>0x68</size>
         <input_file_ref idref="fl-cd"/>
      </object_component>
      <object_component id="oc-238">
         <name>.debug_line</name>
         <load_address>0x1090</load_address>
         <run_address>0x1090</run_address>
         <size>0x16a</size>
         <input_file_ref idref="fl-ce"/>
      </object_component>
      <object_component id="oc-12c">
         <name>.debug_line</name>
         <load_address>0x11fa</load_address>
         <run_address>0x11fa</run_address>
         <size>0xc44</size>
         <input_file_ref idref="fl-ce"/>
      </object_component>
[...]
         <name>_args_main</name>
         <value>0x3271</value>
         <object_component_ref idref="oc-68"/>
      </symbol>
      <symbol id="sm-2e1">
         <name>atoi</name>
         <value>0x30f1</value>
         <object_component_ref idref="oc-1ac"/>
      </symbol>
      <symbol id="sm-30b">
         <name>__TI_auto_init</name>
         <value>0x2d2d</value>
         <object_component_ref idref="oc-62"/>
      </symbol>
      <symbol id="sm-325">
         <name>copy_in</name>
         <value>0x313d</value>
         <object_component_ref idref="oc-a9"/>
      </symbol>
      <symbol id="sm-330">
         <name>_ctypes_</name>
         <value>0x3332</value>
         <object_component_ref idref="oc-230"/>
      </symbol>
      <symbol id="sm-345">
         <name>__TI_tmpnams</name>
         <value>0x20000b1c</value>
      </symbol>
      <symbol id="sm-346">
         <name>__aeabi_stdout</name>
         <value>0x200009c8</value>
         <object_component_ref idref="oc-1ee"/>
      </symbol>
      <symbol id="sm-347">
         <name>__aeabi_stderr</name>
         <value>0x200009cc</value>
         <object_component_ref idref="oc-1ee"/>
      </symbol>
      <symbol id="sm-348">
         <name>__aeabi_stdin</name>
         <value>0x200009c4</value>
         <object_component_ref idref="oc-1ee"/>
      </symbol>
      <symbol id="sm-349">
         <name>_ftable</name>
         <value>0x20000800</value>
         <object_component_ref idref="oc-12e"/>
      </symbol>
      <symbol id="sm-34a">
         <name>__TI_ft_end</name>
         <value>0x200009c0</value>
         <object_component_ref idref="oc-1ee"/>
      </symbol>
      <symbol id="sm-361">
         <name>__aeabi_dsub</name>
         <value>0x1fdd</value>
         <object_component_ref idref="oc-195"/>
      </symbol>
      <symbol id="sm-362">
         <name>__aeabi_dadd</name>
         <value>0x1fe7</value>
         <object_component_ref idref="oc-195"/>
      </symbol>
      <symbol id="sm-384">
         <name>__aeabi_cdcmpeq</name>
         <value>0x2b2d</value>
         <object_component_ref idref="oc-171"/>
      </symbol>
      <symbol id="sm-385">
         <name>__aeabi_cdcmple</name>
         <value>0x2b2d</value>
         <object_component_ref idref="oc-171"/>
      </symbol>
      <symbol id="sm-386">
         <name>__aeabi_cdrcmple</name>
         <value>0x2bb3</value>
         <object_component_ref idref="oc-180"/>
      </symbol>
      <symbol id="sm-39a">
         <name>__aeabi_ddiv</name>
         <value>0x2193</value>
         <object_component_ref idref="oc-17b"/>
      </symbol>
      <symbol id="sm-3a5">
         <name>__aeabi_dmul</name>
         <value>0x2519</value>
         <object_component_ref idref="oc-176"/>
      </symbol>
      <symbol id="sm-3af">
         <name>__aeabi_d2iz</name>
         <value>0x3189</value>
         <object_component_ref idref="oc-185"/>
      </symbol>
      <symbol id="sm-3c6">
         <name>putc</name>
         <value>0x2a95</value>
         <object_component_ref idref="oc-11c"/>
      </symbol>
      <symbol id="sm-3c7">
         <name>fputc</name>
         <value>0x2a95</value>
         <object_component_ref idref="oc-11c"/>
      </symbol>
      <symbol id="sm-3c8">
         <name>putchar</name>
         <value>0x2b19</value>
         <object_component_ref idref="oc-11c"/>
      </symbol>
      <symbol id="sm-3ea">
         <name>puts</name>
         <value>0x23d5</value>
         <object_component_ref idref="oc-122"/>
      </symbol>
      <symbol id="sm-3eb">
         <name>fputs</name>
         <value>0x22c9</value>
         <object_component_ref idref="oc-122"/>
      </symbol>
      <symbol id="sm-3f5">
         <name>__aeabi_i2d</name>
         <value>0x3207</value>
         <object_component_ref idref="oc-190"/>
      </symbol>
      <symbol id="sm-443">
         <name>open</name>
         <value>0x1a57</value>
         <object_component_ref idref="oc-156"/>
      </symbol>
      <symbol id="sm-444">
         <name>add_device</name>
         <value>0x1b79</value>
         <object_component_ref idref="oc-156"/>
      </symbol>
      <symbol id="sm-445">
         <name>remove_device</name>
         <value>0x1a0b</value>
         <object_component_ref idref="oc-156"/>
      </symbol>
      <symbol id="sm-446">
         <name>lseek</name>
         <value>0x1b05</value>
         <object_component_ref idref="oc-156"/>
      </symbol>
      <symbol id="sm-447">
         <name>read</name>
         <value>0x1a33</value>
         <object_component_ref idref="oc-156"/>
      </symbol>
      <symbol id="sm-448">
         <name>rename</name>
         <value>0x19cd</value>
         <object_component_ref idref="oc-156"/>
      </symbol>
      <symbol id="sm-449">
         <name>write</name>
         <value>0x1919</value>
         <object_component_ref idref="oc-156"/>
      </symbol>
      <symbol id="sm-44a">
         <name>close</name>
         <value>0x1b29</value>
         <object_component_ref idref="oc-156"/>
      </symbol>
      <symbol id="sm-44b">
         <name>unlink</name>
         <value>0x19a9</value>
         <object_component_ref idref="oc-156"/>
      </symbol>
      <symbol id="sm-45a">
         <name>ltoa</name>
         <value>0x304d</value>
         <object_component_ref idref="oc-18a"/>
      </symbol>
      <symbol id="sm-46a">
         <name>memccpy</name>
         <value>0x3255</value>
         <object_component_ref idref="oc-1b2"/>
      </symbol>
      <symbol id="sm-47a">
         <name>memchr</name>
         <value>0x3235</value>
         <object_component_ref idref="oc-164"/>
      </symbol>
      <symbol id="sm-495">
         <name>frexpl</name>
         <value>0x2f41</value>
         <object_component_ref idref="oc-19a"/>
      </symbol>
      <symbol id="sm-496">
         <name>frexp</name>
         <value>0x2f41</value>
         <object_component_ref idref="oc-19a"/>
      </symbol>
      <symbol id="sm-4b3">
         <name>scalbn</name>
         <value>0x2615</value>
         <object_component_ref idref="oc-1a0"/>
      </symbol>
      <symbol id="sm-4b4">
         <name>scalbnl</name>
         <value>0x2615</value>
         <object_component_ref idref="oc-1a0"/>
      </symbol>
      <symbol id="sm-4b5">
         <name>ldexpl</name>
         <value>0x2615</value>
         <object_component_ref idref="oc-1a0"/>
      </symbol>
      <symbol id="sm-4b6">
         <name>ldexp</name>
         <value>0x2615</value>
         <object_component_ref idref="oc-1a0"/>
      </symbol>
      <symbol id="sm-4c0">
         <name>_system_post_cinit</name>
         <value>0x32b7</value>
         <object_component_ref idref="oc-af"/>
      </symbol>
      <symbol id="sm-4d0">
         <name>strchr</name>
         <value>0x32a1</value>
         <object_component_ref idref="oc-1a6"/>
      </symbol>
      <symbol id="sm-4df">
         <name>strcmp</name>
         <value>0x3289</value>
         <object_component_ref idref="oc-1f3"/>
      </symbol>
      <symbol id="sm-4ed">
         <name>strlen</name>
         <value>0x32f5</value>
         <object_component_ref idref="oc-15e"/>
      </symbol>
      <symbol id="sm-4fd">
         <name>strncpy</name>
         <value>0x31d1</value>
         <object_component_ref idref="oc-1f9"/>
      </symbol>
      <symbol id="sm-524">
         <name>HOSTgetenv</name>
         <value>0x1859</value>
         <object_component_ref idref="oc-25f"/>
      </symbol>
      <symbol id="sm-525">
         <name>HOSTrename</name>
         <value>0x1701</value>
         <object_component_ref idref="oc-25f"/>
      </symbol>
      <symbol id="sm-526">
         <name>HOSTclose</name>
         <value>0x1897</value>
         <object_component_ref idref="oc-25f"/>
      </symbol>
      <symbol id="sm-527">
         <name>HOSTtime64</name>
         <value>0x1679</value>
         <object_component_ref idref="oc-25f"/>
      </symbol>
      <symbol id="sm-528">
         <name>HOSTunlink</name>
         <value>0x1641</value>
         <object_component_ref idref="oc-25f"/>
      </symbol>
      <symbol id="sm-529">
         <name>HOSTlseek</name>
         <value>0x17fd</value>
         <object_component_ref idref="oc-25f"/>
      </symbol>
      <symbol id="sm-52a">
         <name>HOSTopen</name>
         <value>0x17ab</value>
         <object_component_ref idref="oc-25f"/>
      </symbol>
      <symbol id="sm-52b">
         <name>HOSTclock</name>
         <value>0x18cf</value>
         <object_component_ref idref="oc-25f"/>
      </symbol>
      <symbol id="sm-52c">
         <name>HOSTwrite</name>
         <value>0x15f5</value>
         <object_component_ref idref="oc-25f"/>
      </symbol>
      <symbol id="sm-52d">
         <name>HOSTread</name>
         <value>0x175f</value>
         <object_component_ref idref="oc-25f"/>
      </symbol>
      <symbol id="sm-52e">
         <name>HOSTtime</name>
         <value>0x16c7</value>
         <object_component_ref idref="oc-25f"/>
      </symbol>
      <symbol id="sm-549">
         <name>__TI_readmsg</name>
         <value>0x2ea7</value>
         <object_component_ref idref="oc-299"/>
      </symbol>
      <symbol id="sm-54a">
         <name>C$$IO$$</name>
         <value>0x2ea3</value>
         <object_component_ref idref="oc-299"/>
      </symbol>
      <symbol id="sm-54b">
         <name>__CIOBUF_</name>
         <value>0x200009fc</value>
         <object_component_ref idref="oc-2b8"/>
      </symbol>
      <symbol id="sm-54c">
         <name>__TI_writemsg</name>
         <value>0x2e75</value>
         <object_component_ref idref="oc-299"/>
      </symbol>
      <symbol id="sm-568">
         <name>__aeabi_uldivmod</name>
         <value>0x1c25</value>
         <object_component_ref idref="oc-16c"/>
      </symbol>
      <symbol id="sm-586">
         <name>__TI_wrt_ok</name>
         <value>0x28b5</value>
         <object_component_ref idref="oc-14a"/>
      </symbol>
      <symbol id="sm-587">
         <name>__TI_rd_ok</name>
         <value>0x2917</value>
         <object_component_ref idref="oc-14a"/>
      </symbol>
      <symbol id="sm-58f">
         <name>errno</name>
         <value>0x200009f0</value>
         <object_component_ref idref="oc-229"/>
      </symbol>
      <symbol id="sm-5a9">
         <name>__TI_doflush</name>
         <value>0x27ed</value>
         <object_component_ref idref="oc-150"/>
      </symbol>
      <symbol id="sm-5aa">
         <name>fflush</name>
         <value>0x2839</value>
         <object_component_ref idref="oc-150"/>
      </symbol>
      <symbol id="sm-5bc">
         <name>fseek</name>
         <value>0x2edd</value>
         <object_component_ref idref="oc-1e0"/>
      </symbol>
      <symbol id="sm-5c6">
         <name>copysign</name>
         <value>0x32cd</value>
         <object_component_ref idref="oc-223"/>
      </symbol>
      <symbol id="sm-5c7">
         <name>copysignl</name>
         <value>0x32cd</value>
         <object_component_ref idref="oc-223"/>
      </symbol>
      <symbol id="sm-5e3">
         <name>setvbuf</name>
         <value>0x2711</value>
         <object_component_ref idref="oc-1e6"/>
      </symbol>
      <symbol id="sm-5f1">
         <name>strcpy</name>
         <value>0x32e1</value>
         <object_component_ref idref="oc-29f"/>
      </symbol>
      <symbol id="sm-628">
         <name>__TI_cleanup</name>
         <value>0x1ee1</value>
         <object_component_ref idref="oc-248"/>
      </symbol>
      <symbol id="sm-629">
         <name>freopen</name>
         <value>0x1f0d</value>
         <object_component_ref idref="oc-248"/>
      </symbol>
      <symbol id="sm-62a">
         <name>fopen</name>
         <value>0x1f37</value>
         <object_component_ref idref="oc-248"/>
      </symbol>
      <symbol id="sm-699">
         <name>_sys_memory</name>
         <value>0x20000000</value>
         <object_component_ref idref="oc-30"/>
      </symbol>
      <symbol id="sm-69a">
         <name>free</name>
         <value>0x130f</value>
         <object_component_ref idref="oc-242"/>
      </symbol>
      <symbol id="sm-69b">
         <name>realloc</name>
         <value>0x13d1</value>
         <object_component_ref idref="oc-242"/>
      </symbol>
      <symbol id="sm-69c">
         <name>memalign</name>
         <value>0x14d9</value>
         <object_component_ref idref="oc-242"/>
      </symbol>
      <symbol id="sm-69d">
         <name>calloc</name>
         <value>0x15c5</value>
         <object_component_ref idref="oc-242"/>
      </symbol>
      <symbol id="sm-69e">
         <name>malloc</name>
         <value>0x12a5</value>
         <object_component_ref idref="oc-242"/>
      </symbol>
      <symbol id="sm-69f">
         <name>minit</name>
         <value>0x1225</value>
         <object_component_ref idref="oc-242"/>
      </symbol>
      <symbol id="sm-6b5">
         <name>__TI_closefile</name>
         <value>0x29fd</value>
         <object_component_ref idref="oc-28a"/>
      </symbol>
      <symbol id="sm-6b6">
         <name>fclose</name>
         <value>0x2a63</value>
         <object_component_ref idref="oc-28a"/>
      </symbol>
      <symbol id="sm-6b8">
         <name>__TI_static_base__</name>
         <value>0x0</value>
      </symbol>
      <symbol id="sm-6bb">
         <name>SHT$$INIT_ARRAY$$Limit</name>
         <value>0x0</value>
      </symbol>
      <symbol id="sm-6bc">
         <name>SHT$$INIT_ARRAY$$Base</name>
         <value>0x0</value>
      </symbol>
      <symbol id="sm-6bd">
         <name>NMI_Handler</name>
         <value>0x1223</value>
      </symbol>
      <symbol id="sm-6be">
         <name>HardFault_Handler</name>
         <value>0x1223</value>
      </symbol>
      <symbol id="sm-6bf">
         <name>MemManage_Handler</name>
         <value>0x1223</value>
      </symbol>
      <symbol id="sm-6c0">
         <name>BusFault_Handler</name>
         <value>0x1223</value>
      </symbol>
      <symbol id="sm-6c1">
         <name>UsageFault_Handler</name>
         <value>0x1223</value>
      </symbol>
      <symbol id="sm-6c2">
         <name>SVC_Handler</name>
         <value>0x1223</value>
      </symbol>
      <symbol id="sm-6c3">
         <name>DebugMon_Handler</name>
         <value>0x1223</value>
      </symbol>
      <symbol id="sm-6c4">
         <name>PendSV_Handler</name>
         <value>0x1223</value>
      </symbol>
      <symbol id="sm-6c5">
         <name>SysTick_Handler</name>
         <value>0x1223</value>
      </symbol>
      <symbol id="sm-6c6">
         <name>PSS_IRQHandler</name>
         <value>0x1223</value>
      </symbol>
      <symbol id="sm-6c7">
         <name>CS_IRQHandler</name>
         <value>0x1223</value>
      </symbol>
      <symbol id="sm-6c8">
         <name>PCM_IRQHandler</name>
         <value>0x1223</value>
      </symbol>
      <symbol id="sm-6c9">
         <name>WDT_A_IRQHandler</name>
         <value>0x1223</value>
      </symbol>
      <symbol id="sm-6ca">
         <name>FPU_IRQHandler</name>
         <value>0x1223</value>
      </symbol>
      <symbol id="sm-6cb">
         <name>FLCTL_IRQHandler</name>
         <value>0x1223</value>
      </symbol>
      <symbol id="sm-6cc">
         <name>COMP_E0_IRQHandler</name>
         <value>0x1223</value>
      </symbol>
      <symbol id="sm-6cd">
         <name>COMP_E1_IRQHandler</name>
         <value>0x1223</value>
      </symbol>
      <symbol id="sm-6ce">
         <name>TA0_0_IRQHandler</name>
         <value>0x1223</value>
      </symbol>
      <symbol id="sm-6cf">
         <name>TA0_N_IRQHandler</name>
         <value>0x1223</value>
      </symbol>
      <symbol id="sm-6d0">
         <name>TA1_0_IRQHandler</name>
         <value>0x1223</value>
      </symbol>
      <symbol id="sm-6d1">
         <name>TA1_N_IRQHandler</name>
         <value>0x1223</value>
      </symbol>
      <symbol id="sm-6d2">
         <name>TA2_0_IRQHandler</name>
         <value>0x1223</value>
      </symbol>
      <symbol id="sm-6d3">
         <name>TA2_N_IRQHandler</name>
         <value>0x1223</value>
      </symbol>
      <symbol id="sm-6d4">
         <name>TA3_0_IRQHandler</name>
         <value>0x1223</value>
      </symbol>
      <symbol id="sm-6d5">
         <name>TA3_N_IRQHandler</name>
         <value>0x1223</value>
      </symbol>
      <symbol id="sm-6d6">
         <name>EUSCIA0_IRQHandler</name>
         <value>0x1223</value>
      </symbol>
      <symbol id="sm-6d7">
         <name>EUSCIA1_IRQHandler</name>
         <value>0x1223</value>
      </symbol>
      <symbol id="sm-6d8">
         <name>EUSCIA2_IRQHandler</name>
         <value>0x1223</value>
      </symbol>
      <symbol id="sm-6d9">
         <name>EUSCIA3_IRQHandler</name>
         <value>0x1223</value>
      </symbol>
      <symbol id="sm-6da">
         <name>EUSCIB0_IRQHandler</name>
         <value>0x1223</value>
      </symbol>
      <symbol id="sm-6db">
         <name>EUSCIB1_IRQHandler</name>
         <value>0x1223</value>
      </symbol>
      <symbol id="sm-6dc">
         <name>EUSCIB2_IRQHandler</name>
         <value>0x1223</value>
      </symbol>
      <symbol id="sm-6dd">
         <name>EUSCIB3_IRQHandler</name>
         <value>0x1223</value>
      </symbol>
      <symbol id="sm-6de">
         <name>ADC14_IRQHandler</name>
         <value>0x30a1</value>
      </symbol>
      <symbol id="sm-6df">
         <name>T32_INT1_IRQHandler</name>
         <value>0x1223</value>
      </symbol>
      <symbol id="sm-6e0">
         <name>T32_INT2_IRQHandler</name>
         <value>0x1223</value>
      </symbol>
      <symbol id="sm-6e1">
         <name>T32_INTC_IRQHandler</name>
         <value>0x1223</value>
      </symbol>
      <symbol id="sm-6e2">
         <name>AES256_IRQHandler</name>
         <value>0x1223</value>
      </symbol>
      <symbol id="sm-6e3">
         <name>RTC_C_IRQHandler</name>
         <value>0x1223</value>
      </symbol>
      <symbol id="sm-6e4">
         <name>DMA_ERR_IRQHandler</name>
         <value>0x1223</value>
      </symbol>
      <symbol id="sm-6e5">
         <name>DMA_INT3_IRQHandler</name>
         <value>0x1223</value>
      </symbol>
      <symbol id="sm-6e6">
         <name>DMA_INT2_IRQHandler</name>
         <value>0x1223</value>
      </symbol>
      <symbol id="sm-6e7">
         <name>DMA_INT1_IRQHandler</name>
         <value>0x1223</value>
      </symbol>
      <symbol id="sm-6e8">
         <name>DMA_INT0_IRQHandler</name>
         <value>0x1223</value>
      </symbol>
      <symbol id="sm-6e9">
         <name>PORT1_IRQHandler</name>
         <value>0x1223</value>
      </symbol>
      <symbol id="sm-6ea">
         <name>PORT2_IRQHandler</name>
         <value>0x1223</value>
      </symbol>
      <symbol id="sm-6eb">
         <name>PORT3_IRQHandler</name>
         <value>0x1223</value>
      </symbol>
      <symbol id="sm-6ec">
         <name>PORT4_IRQHandler</name>
         <value>0x1223</value>
      </symbol>
      <symbol id="sm-6ed">
         <name>PORT5_IRQHandler</name>
         <value>0x1223</value>
      </symbol>
      <symbol id="sm-6ee">
         <name>PORT6_IRQHandler</name>
         <value>0x1223</value>
      </symbol>
      <symbol id="sm-6ef">
         <name>remove</name>
         <value>0x19a9</value>
      </symbol>
   </symbol_table>
   <title>Link successful</title>
</link_info>
