<?xml version="1.0"?>
<link_info>
   <banner>TI ARM Linker PC v16.9.2.LTS</banner>
   <copyright>Copyright (c) 1996-2017 Texas Instruments Incorporated</copyright>
   <link_time>0x58e904fd</link_time>
   <link_errors>0x0</link_errors>
   <output_file>ADC_Driverlib.out</output_file>
   <entry_point>
      <name>_c_int00</name>
      <address>0x3201</address>
   </entry_point>
   <input_file_list>
      <input_file id="fl-2">
         <path>.\</path>
         <kind>object</kind>
         <file>ADC_Driverlib.obj</file>
         <name>ADC_Driverlib.obj</name>
      </input_file>
      <input_file id="fl-3">
         <path>.\</path>
         <kind>object</kind>
         <file>system_msp432p401r.obj</file>
         <name>system_msp432p401r.obj</name>
      </input_file>
      <input_file id="fl-4">
         <path>.\ccs\</path>
         <kind>object</kind>
         <file>startup_msp432p401r_ccs.obj</file>
         <name>startup_msp432p401r_ccs.obj</name>
      </input_file>
      <input_file id="fl-c">
         <kind>object</kind>
         <file>&lt;internal&gt;</file>
         <name>&lt;internal&gt;</name>
      </input_file>
      <input_file id="fl-d">
         <path>C:\ti\simplelink_msp432_sdk_1_30_00_40\source\ti\devices\msp432p4xx\driverlib\ccs\</path>
         <kind>archive</kind>
         <file>msp432p4xx_driverlib.lib</file>
         <name>adc14.o</name>
      </input_file>
      <input_file id="fl-e">
         <path>C:\ti\simplelink_msp432_sdk_1_30_00_40\source\ti\devices\msp432p4xx\driverlib\ccs\</path>
         <kind>archive</kind>
         <file>msp432p4xx_driverlib.lib</file>
         <name>interrupt.o</name>
      </input_file>
      <input_file id="fl-f">
         <path>C:\ti\simplelink_msp432_sdk_1_30_00_40\source\ti\devices\msp432p4xx\driverlib\ccs\</path>
         <kind>archive</kind>
         <file>msp432p4xx_driverlib.lib</file>
         <name>cpu.o</name>
      </input_file>
      <input_file id="fl-c5">
         <path>C:\ti\ccsv7\tools\compiler\ti-cgt-arm_16.9.2.LTS\lib\</path>
         <kind>archive</kind>
         <file>rtsv7M4_T_le_v4SPD16_eabi.lib</file>
         <name>boot.obj</name>
      </input_file>
      <input_file id="fl-c6">
         <path>C:\ti\ccsv7\tools\compiler\ti-cgt-arm_16.9.2.LTS\lib\</path>
         <kind>archive</kind>
         <file>rtsv7M4_T_le_v4SPD16_eabi.lib</file>
         <name>copy_decompress_lzss.obj</name>
      </input_file>
      <input_file id="fl-c7">
         <path>C:\ti\ccsv7\tools\compiler\ti-cgt-arm_16.9.2.LTS\lib\</path>
         <kind>archive</kind>
         <file>rtsv7M4_T_le_v4SPD16_eabi.lib</file>
         <name>copy_decompress_none.obj</name>
      </input_file>
      <input_file id="fl-c8">
         <path>C:\ti\ccsv7\tools\compiler\ti-cgt-arm_16.9.2.LTS\lib\</path>
         <kind>archive</kind>
         <file>rtsv7M4_T_le_v4SPD16_eabi.lib</file>
         <name>copy_zero_init.obj</name>
      </input_file>
      <input_file id="fl-c9">
         <path>C:\ti\ccsv7\tools\compiler\ti-cgt-arm_16.9.2.LTS\lib\</path>
         <kind>archive</kind>
         <file>rtsv7M4_T_le_v4SPD16_eabi.lib</file>
         <name>exit.obj</name>
      </input_file>
      <input_file id="fl-ca">
         <path>C:\ti\ccsv7\tools\compiler\ti-cgt-arm_16.9.2.LTS\lib\</path>
         <kind>archive</kind>
         <file>rtsv7M4_T_le_v4SPD16_eabi.lib</file>
         <name>fs_tod_t2.obj</name>
      </input_file>
      <input_file id="fl-cb">
         <path>C:\ti\ccsv7\tools\compiler\ti-cgt-arm_16.9.2.LTS\lib\</path>
         <kind>archive</kind>
         <file>rtsv7M4_T_le_v4SPD16_eabi.lib</file>
         <name>memcpy_t2.obj</name>
      </input_file>
      <input_file id="fl-cc">
         <path>C:\ti\ccsv7\tools\compiler\ti-cgt-arm_16.9.2.LTS\lib\</path>
         <kind>archive</kind>
         <file>rtsv7M4_T_le_v4SPD16_eabi.lib</file>
         <name>memset_t2.obj</name>
      </input_file>
      <input_file id="fl-cd">
         <path>C:\ti\ccsv7\tools\compiler\ti-cgt-arm_16.9.2.LTS\lib\</path>
         <kind>archive</kind>
         <file>rtsv7M4_T_le_v4SPD16_eabi.lib</file>
         <name>mpu_init.obj</name>
      </input_file>
      <input_file id="fl-ce">
         <path>C:\ti\ccsv7\tools\compiler\ti-cgt-arm_16.9.2.LTS\lib\</path>
         <kind>archive</kind>
         <file>rtsv7M4_T_le_v4SPD16_eabi.lib</file>
         <name>pre_init.obj</name>
      </input_file>
      <input_file id="fl-cf">
         <path>C:\ti\ccsv7\tools\compiler\ti-cgt-arm_16.9.2.LTS\lib\</path>
         <kind>archive</kind>
         <file>rtsv7M4_T_le_v4SPD16_eabi.lib</file>
         <name>printf.obj</name>
      </input_file>
      <input_file id="fl-d0">
         <path>C:\ti\ccsv7\tools\compiler\ti-cgt-arm_16.9.2.LTS\lib\</path>
         <kind>archive</kind>
         <file>rtsv7M4_T_le_v4SPD16_eabi.lib</file>
         <name>stkdepth_vars.obj</name>
      </input_file>
      <input_file id="fl-d1">
         <path>C:\ti\ccsv7\tools\compiler\ti-cgt-arm_16.9.2.LTS\lib\</path>
         <kind>archive</kind>
         <file>rtsv7M4_T_le_v4SPD16_eabi.lib</file>
         <name>_lock.obj</name>
      </input_file>
      <input_file id="fl-d2">
         <path>C:\ti\ccsv7\tools\compiler\ti-cgt-arm_16.9.2.LTS\lib\</path>
         <kind>archive</kind>
         <file>rtsv7M4_T_le_v4SPD16_eabi.lib</file>
         <name>_printfi.obj</name>
      </input_file>
      <input_file id="fl-d3">
         <path>C:\ti\ccsv7\tools\compiler\ti-cgt-arm_16.9.2.LTS\lib\</path>
         <kind>archive</kind>
         <file>rtsv7M4_T_le_v4SPD16_eabi.lib</file>
         <name>args_main.obj</name>
      </input_file>
      <input_file id="fl-d4">
         <path>C:\ti\ccsv7\tools\compiler\ti-cgt-arm_16.9.2.LTS\lib\</path>
         <kind>archive</kind>
         <file>rtsv7M4_T_le_v4SPD16_eabi.lib</file>
         <name>atoi.obj</name>
      </input_file>
      <input_file id="fl-d5">
         <path>C:\ti\ccsv7\tools\compiler\ti-cgt-arm_16.9.2.LTS\lib\</path>
         <kind>archive</kind>
         <file>rtsv7M4_T_le_v4SPD16_eabi.lib</file>
         <name>autoinit.obj</name>
      </input_file>
      <input_file id="fl-d6">
         <path>C:\ti\ccsv7\tools\compiler\ti-cgt-arm_16.9.2.LTS\lib\</path>
         <kind>archive</kind>
         <file>rtsv7M4_T_le_v4SPD16_eabi.lib</file>
         <name>cpy_tbl.obj</name>
      </input_file>
      <input_file id="fl-d7">
         <path>C:\ti\ccsv7\tools\compiler\ti-cgt-arm_16.9.2.LTS\lib\</path>
         <kind>archive</kind>
         <file>rtsv7M4_T_le_v4SPD16_eabi.lib</file>
         <name>ctype.obj</name>
      </input_file>
      <input_file id="fl-d8">
         <path>C:\ti\ccsv7\tools\compiler\ti-cgt-arm_16.9.2.LTS\lib\</path>
         <kind>archive</kind>
         <file>rtsv7M4_T_le_v4SPD16_eabi.lib</file>
         <name>defs.obj</name>
      </input_file>
      <input_file id="fl-d9">
         <path>C:\ti\ccsv7\tools\compiler\ti-cgt-arm_16.9.2.LTS\lib\</path>
         <kind>archive</kind>
         <file>rtsv7M4_T_le_v4SPD16_eabi.lib</file>
         <name>fd_add_t2.obj</name>
      </input_file>
      <input_file id="fl-da">
         <path>C:\ti\ccsv7\tools\compiler\ti-cgt-arm_16.9.2.LTS\lib\</path>
         <kind>archive</kind>
         <file>rtsv7M4_T_le_v4SPD16_eabi.lib</file>
         <name>fd_cmp_t2.obj</name>
      </input_file>
      <input_file id="fl-db">
         <path>C:\ti\ccsv7\tools\compiler\ti-cgt-arm_16.9.2.LTS\lib\</path>
         <kind>archive</kind>
         <file>rtsv7M4_T_le_v4SPD16_eabi.lib</file>
         <name>fd_div_t2.obj</name>
      </input_file>
      <input_file id="fl-dc">
         <path>C:\ti\ccsv7\tools\compiler\ti-cgt-arm_16.9.2.LTS\lib\</path>
         <kind>archive</kind>
         <file>rtsv7M4_T_le_v4SPD16_eabi.lib</file>
         <name>fd_mul_t2.obj</name>
      </input_file>
      <input_file id="fl-dd">
         <path>C:\ti\ccsv7\tools\compiler\ti-cgt-arm_16.9.2.LTS\lib\</path>
         <kind>archive</kind>
         <file>rtsv7M4_T_le_v4SPD16_eabi.lib</file>
         <name>fd_toi_t2.obj</name>
      </input_file>
      <input_file id="fl-de">
         <path>C:\ti\ccsv7\tools\compiler\ti-cgt-arm_16.9.2.LTS\lib\</path>
         <kind>archive</kind>
         <file>rtsv7M4_T_le_v4SPD16_eabi.lib</file>
         <name>fputc.obj</name>
      </input_file>
      <input_file id="fl-df">
         <path>C:\ti\ccsv7\tools\compiler\ti-cgt-arm_16.9.2.LTS\lib\</path>
         <kind>archive</kind>
         <file>rtsv7M4_T_le_v4SPD16_eabi.lib</file>
         <name>fputs.obj</name>
      </input_file>
      <input_file id="fl-e0">
         <path>C:\ti\ccsv7\tools\compiler\ti-cgt-arm_16.9.2.LTS\lib\</path>
         <kind>archive</kind>
         <file>rtsv7M4_T_le_v4SPD16_eabi.lib</file>
         <name>i_tofd_t2.obj</name>
      </input_file>
      <input_file id="fl-e1">
         <path>C:\ti\ccsv7\tools\compiler\ti-cgt-arm_16.9.2.LTS\lib\</path>
         <kind>archive</kind>
         <file>rtsv7M4_T_le_v4SPD16_eabi.lib</file>
         <name>lowlev.obj</name>
      </input_file>
      <input_file id="fl-e2">
         <path>C:\ti\ccsv7\tools\compiler\ti-cgt-arm_16.9.2.LTS\lib\</path>
         <kind>archive</kind>
         <file>rtsv7M4_T_le_v4SPD16_eabi.lib</file>
         <name>ltoa.obj</name>
      </input_file>
      <input_file id="fl-e3">
         <path>C:\ti\ccsv7\tools\compiler\ti-cgt-arm_16.9.2.LTS\lib\</path>
         <kind>archive</kind>
         <file>rtsv7M4_T_le_v4SPD16_eabi.lib</file>
         <name>memccpy.obj</name>
      </input_file>
      <input_file id="fl-e4">
         <path>C:\ti\ccsv7\tools\compiler\ti-cgt-arm_16.9.2.LTS\lib\</path>
         <kind>archive</kind>
         <file>rtsv7M4_T_le_v4SPD16_eabi.lib</file>
         <name>memchr.obj</name>
      </input_file>
      <input_file id="fl-e5">
         <path>C:\ti\ccsv7\tools\compiler\ti-cgt-arm_16.9.2.LTS\lib\</path>
         <kind>archive</kind>
         <file>rtsv7M4_T_le_v4SPD16_eabi.lib</file>
         <name>s_frexp.obj</name>
      </input_file>
      <input_file id="fl-e6">
         <path>C:\ti\ccsv7\tools\compiler\ti-cgt-arm_16.9.2.LTS\lib\</path>
         <kind>archive</kind>
         <file>rtsv7M4_T_le_v4SPD16_eabi.lib</file>
         <name>s_scalbn.obj</name>
      </input_file>
      <input_file id="fl-e7">
         <path>C:\ti\ccsv7\tools\compiler\ti-cgt-arm_16.9.2.LTS\lib\</path>
         <kind>archive</kind>
         <file>rtsv7M4_T_le_v4SPD16_eabi.lib</file>
         <name>startup.obj</name>
      </input_file>
      <input_file id="fl-e8">
         <path>C:\ti\ccsv7\tools\compiler\ti-cgt-arm_16.9.2.LTS\lib\</path>
         <kind>archive</kind>
         <file>rtsv7M4_T_le_v4SPD16_eabi.lib</file>
         <name>strchr.obj</name>
      </input_file>
      <input_file id="fl-e9">
         <path>C:\ti\ccsv7\tools\compiler\ti-cgt-arm_16.9.2.LTS\lib\</path>
         <kind>archive</kind>
         <file>rtsv7M4_T_le_v4SPD16_eabi.lib</file>
         <name>strcmp.obj</name>
      </input_file>
      <input_file id="fl-ea">
         <path>C:\ti\ccsv7\tools\compiler\ti-cgt-arm_16.9.2.LTS\lib\</path>
         <kind>archive</kind>
         <file>rtsv7M4_T_le_v4SPD16_eabi.lib</file>
         <name>strlen.obj</name>
      </input_file>
      <input_file id="fl-eb">
         <path>C:\ti\ccsv7\tools\compiler\ti-cgt-arm_16.9.2.LTS\lib\</path>
         <kind>archive</kind>
         <file>rtsv7M4_T_le_v4SPD16_eabi.lib</file>
         <name>strncpy.obj</name>
      </input_file>
      <input_file id="fl-ec">
         <path>C:\ti\ccsv7\tools\compiler\ti-cgt-arm_16.9.2.LTS\lib\</path>
         <kind>archive</kind>
         <file>rtsv7M4_T_le_v4SPD16_eabi.lib</file>
         <name>trgdrv.obj</name>
      </input_file>
      <input_file id="fl-ed">
         <path>C:\ti\ccsv7\tools\compiler\ti-cgt-arm_16.9.2.LTS\lib\</path>
         <kind>archive</kind>
         <file>rtsv7M4_T_le_v4SPD16_eabi.lib</file>
         <name>trgmsg.obj</name>
      </input_file>
      <input_file id="fl-ee">
         <path>C:\ti\ccsv7\tools\compiler\ti-cgt-arm_16.9.2.LTS\lib\</path>
         <kind>archive</kind>
         <file>rtsv7M4_T_le_v4SPD16_eabi.lib</file>
         <name>ull_div_t2.obj</name>
      </input_file>
      <input_file id="fl-ef">
         <path>C:\ti\ccsv7\tools\compiler\ti-cgt-arm_16.9.2.LTS\lib\</path>
         <kind>archive</kind>
         <file>rtsv7M4_T_le_v4SPD16_eabi.lib</file>
         <name>_io_perm.obj</name>
      </input_file>
      <input_file id="fl-f0">
         <path>C:\ti\ccsv7\tools\compiler\ti-cgt-arm_16.9.2.LTS\lib\</path>
         <kind>archive</kind>
         <file>rtsv7M4_T_le_v4SPD16_eabi.lib</file>
         <name>errno.obj</name>
      </input_file>
      <input_file id="fl-f1">
         <path>C:\ti\ccsv7\tools\compiler\ti-cgt-arm_16.9.2.LTS\lib\</path>
         <kind>archive</kind>
         <file>rtsv7M4_T_le_v4SPD16_eabi.lib</file>
         <name>fflush.obj</name>
      </input_file>
      <input_file id="fl-f2">
         <path>C:\ti\ccsv7\tools\compiler\ti-cgt-arm_16.9.2.LTS\lib\</path>
         <kind>archive</kind>
         <file>rtsv7M4_T_le_v4SPD16_eabi.lib</file>
         <name>fseek.obj</name>
      </input_file>
      <input_file id="fl-f3">
         <path>C:\ti\ccsv7\tools\compiler\ti-cgt-arm_16.9.2.LTS\lib\</path>
         <kind>archive</kind>
         <file>rtsv7M4_T_le_v4SPD16_eabi.lib</file>
         <name>s_copysign.obj</name>
      </input_file>
      <input_file id="fl-f4">
         <path>C:\ti\ccsv7\tools\compiler\ti-cgt-arm_16.9.2.LTS\lib\</path>
         <kind>archive</kind>
         <file>rtsv7M4_T_le_v4SPD16_eabi.lib</file>
         <name>setvbuf.obj</name>
      </input_file>
      <input_file id="fl-f5">
         <path>C:\ti\ccsv7\tools\compiler\ti-cgt-arm_16.9.2.LTS\lib\</path>
         <kind>archive</kind>
         <file>rtsv7M4_T_le_v4SPD16_eabi.lib</file>
         <name>strcpy.obj</name>
      </input_file>
      <input_file id="fl-f6">
         <path>C:\ti\ccsv7\tools\compiler\ti-cgt-arm_16.9.2.LTS\lib\</path>
         <kind>archive</kind>
         <file>rtsv7M4_T_le_v4SPD16_eabi.lib</file>
         <name>fopen.obj</name>
      </input_file>
      <input_file id="fl-f7">
         <path>C:\ti\ccsv7\tools\compiler\ti-cgt-arm_16.9.2.LTS\lib\</path>
         <kind>archive</kind>
         <file>rtsv7M4_T_le_v4SPD16_eabi.lib</file>
         <name>memory.obj</name>
      </input_file>
      <input_file id="fl-f8">
         <path>C:\ti\ccsv7\tools\compiler\ti-cgt-arm_16.9.2.LTS\lib\</path>
         <kind>archive</kind>
         <file>rtsv7M4_T_le_v4SPD16_eabi.lib</file>
         <name>fclose.obj</name>
      </input_file>
      <input_file id="fl-f9">
         <path>C:\ti\ccsv7\tools\compiler\ti-cgt-arm_16.9.2.LTS\lib\</path>
         <kind>archive</kind>
         <file>rtsv7M4_T_le_v4SPD16_eabi.lib</file>
         <name>remove.obj</name>
      </input_file>
   </input_file_list>
   <object_component_list>
      <object_component id="oc-2c">
         <name>.intvecs:retain</name>
         <load_address>0x0</load_address>
         <run_address>0x0</run_address>
         <size>0xe4</size>
         <input_file_ref idref="fl-4"/>
      </object_component>
      <object_component id="oc-184">
         <name>.text</name>
         <load_address>0xe4</load_address>
         <run_address>0xe4</run_address>
         <size>0x113e</size>
         <input_file_ref idref="fl-d2"/>
      </object_component>
      <object_component id="oc-7e">
         <name>.text:Default_Handler</name>
         <load_address>0x1222</load_address>
         <run_address>0x1222</run_address>
         <size>0x2</size>
         <input_file_ref idref="fl-4"/>
      </object_component>
      <object_component id="oc-2c3">
         <name>.text</name>
         <load_address>0x1224</load_address>
         <run_address>0x1224</run_address>
         <size>0x3d0</size>
         <input_file_ref idref="fl-f7"/>
      </object_component>
      <object_component id="oc-2e0">
         <name>.text</name>
         <load_address>0x15f4</load_address>
         <run_address>0x15f4</run_address>
         <size>0x324</size>
         <input_file_ref idref="fl-ec"/>
      </object_component>
      <object_component id="oc-1d5">
         <name>.text</name>
         <load_address>0x1918</load_address>
         <run_address>0x1918</run_address>
         <size>0x30c</size>
         <input_file_ref idref="fl-e1"/>
      </object_component>
      <object_component id="oc-1eb">
         <name>.text</name>
         <load_address>0x1c24</load_address>
         <run_address>0x1c24</run_address>
         <size>0x1f4</size>
         <input_file_ref idref="fl-ee"/>
      </object_component>
      <object_component id="oc-2c9">
         <name>.text</name>
         <load_address>0x1e18</load_address>
         <run_address>0x1e18</run_address>
         <size>0x1c4</size>
         <input_file_ref idref="fl-f6"/>
      </object_component>
      <object_component id="oc-214">
         <name>.text</name>
         <load_address>0x1fdc</load_address>
         <run_address>0x1fdc</run_address>
         <size>0x1b6</size>
         <input_file_ref idref="fl-d9"/>
      </object_component>
      <object_component id="oc-56">
         <name>.text</name>
         <load_address>0x2192</load_address>
         <run_address>0x2192</run_address>
         <size>0x2</size>
         <input_file_ref idref="fl-cd"/>
      </object_component>
      <object_component id="oc-1ac">
         <name>.text:_getIndexForMemRegister</name>
         <load_address>0x2194</load_address>
         <run_address>0x2194</run_address>
         <size>0x154</size>
         <input_file_ref idref="fl-d"/>
      </object_component>
      <object_component id="oc-1fa">
         <name>.text</name>
         <load_address>0x22e8</load_address>
         <run_address>0x22e8</run_address>
         <size>0x136</size>
         <input_file_ref idref="fl-db"/>
      </object_component>
      <object_component id="oc-af">
         <name>.text</name>
         <load_address>0x241e</load_address>
         <run_address>0x241e</run_address>
         <size>0x2</size>
         <input_file_ref idref="fl-e7"/>
      </object_component>
      <object_component id="oc-17e">
         <name>.text</name>
         <load_address>0x2420</load_address>
         <run_address>0x2420</run_address>
         <size>0x134</size>
         <input_file_ref idref="fl-df"/>
      </object_component>
      <object_component id="oc-1f5">
         <name>.text</name>
         <load_address>0x2554</load_address>
         <run_address>0x2554</run_address>
         <size>0xfc</size>
         <input_file_ref idref="fl-dc"/>
      </object_component>
      <object_component id="oc-21f">
         <name>.text</name>
         <load_address>0x2650</load_address>
         <run_address>0x2650</run_address>
         <size>0xfc</size>
         <input_file_ref idref="fl-e6"/>
      </object_component>
      <object_component id="oc-267">
         <name>.text</name>
         <load_address>0x274c</load_address>
         <run_address>0x274c</run_address>
         <size>0xdc</size>
         <input_file_ref idref="fl-f4"/>
      </object_component>
      <object_component id="oc-b7">
         <name>.text:main</name>
         <load_address>0x2828</load_address>
         <run_address>0x2828</run_address>
         <size>0xcc</size>
         <input_file_ref idref="fl-2"/>
      </object_component>
      <object_component id="oc-1cf">
         <name>.text</name>
         <load_address>0x28f4</load_address>
         <run_address>0x28f4</run_address>
         <size>0xc8</size>
         <input_file_ref idref="fl-f1"/>
      </object_component>
      <object_component id="oc-1c9">
         <name>.text</name>
         <load_address>0x29bc</load_address>
         <run_address>0x29bc</run_address>
         <size>0xac</size>
         <input_file_ref idref="fl-ef"/>
      </object_component>
      <object_component id="oc-3e">
         <name>.text</name>
         <load_address>0x2a68</load_address>
         <run_address>0x2a68</run_address>
         <size>0x9c</size>
         <input_file_ref idref="fl-cb"/>
      </object_component>
      <object_component id="oc-30b">
         <name>.text</name>
         <load_address>0x2b04</load_address>
         <run_address>0x2b04</run_address>
         <size>0x98</size>
         <input_file_ref idref="fl-f8"/>
      </object_component>
      <object_component id="oc-178">
         <name>.text</name>
         <load_address>0x2b9c</load_address>
         <run_address>0x2b9c</run_address>
         <size>0x98</size>
         <input_file_ref idref="fl-de"/>
      </object_component>
      <object_component id="oc-1f0">
         <name>.text:__aeabi_cdcmple</name>
         <load_address>0x2c34</load_address>
         <run_address>0x2c34</run_address>
         <size>0x86</size>
         <input_file_ref idref="fl-da"/>
      </object_component>
      <object_component id="oc-1ff">
         <name>.text:__aeabi_cdrcmple</name>
         <load_address>0x2cba</load_address>
         <run_address>0x2cba</run_address>
         <size>0x86</size>
         <input_file_ref idref="fl-da"/>
      </object_component>
      <object_component id="oc-4a">
         <name>.text</name>
         <load_address>0x2d40</load_address>
         <run_address>0x2d40</run_address>
         <size>0x7a</size>
         <input_file_ref idref="fl-cc"/>
      </object_component>
      <object_component id="oc-134">
         <name>.text:ADC14_configureMultiSequenceMode</name>
         <load_address>0x2dbc</load_address>
         <run_address>0x2dbc</run_address>
         <size>0x78</size>
         <input_file_ref idref="fl-d"/>
      </object_component>
      <object_component id="oc-ca">
         <name>.text:SystemInit</name>
         <load_address>0x2e34</load_address>
         <run_address>0x2e34</run_address>
         <size>0x78</size>
         <input_file_ref idref="fl-3"/>
      </object_component>
      <object_component id="oc-84">
         <name>.text:ADC14_IRQHandler</name>
         <load_address>0x2eac</load_address>
         <run_address>0x2eac</run_address>
         <size>0x70</size>
         <input_file_ref idref="fl-2"/>
      </object_component>
      <object_component id="oc-62">
         <name>.text</name>
         <load_address>0x2f1c</load_address>
         <run_address>0x2f1c</run_address>
         <size>0x70</size>
         <input_file_ref idref="fl-d5"/>
      </object_component>
      <object_component id="oc-ef">
         <name>.text</name>
         <load_address>0x2f8c</load_address>
         <run_address>0x2f8c</run_address>
         <size>0x70</size>
         <input_file_ref idref="fl-cf"/>
      </object_component>
      <object_component id="oc-13a">
         <name>.text:ADC14_configureConversionMemory</name>
         <load_address>0x2ffc</load_address>
         <run_address>0x2ffc</run_address>
         <size>0x6c</size>
         <input_file_ref idref="fl-d"/>
      </object_component>
      <object_component id="oc-14">
         <name>.text:decompress:lzss</name>
         <load_address>0x3068</load_address>
         <run_address>0x3068</run_address>
         <size>0x68</size>
         <input_file_ref idref="fl-c6"/>
      </object_component>
      <object_component id="oc-31a">
         <name>.text</name>
         <load_address>0x30d0</load_address>
         <run_address>0x30d0</run_address>
         <size>0x68</size>
         <input_file_ref idref="fl-ed"/>
      </object_component>
      <object_component id="oc-261">
         <name>.text</name>
         <load_address>0x3138</load_address>
         <run_address>0x3138</run_address>
         <size>0x64</size>
         <input_file_ref idref="fl-f2"/>
      </object_component>
      <object_component id="oc-219">
         <name>.text</name>
         <load_address>0x319c</load_address>
         <run_address>0x319c</run_address>
         <size>0x64</size>
         <input_file_ref idref="fl-e5"/>
      </object_component>
      <object_component id="oc-26">
         <name>.text</name>
         <load_address>0x3200</load_address>
         <run_address>0x3200</run_address>
         <size>0x54</size>
         <input_file_ref idref="fl-c5"/>
      </object_component>
      <object_component id="oc-6e">
         <name>.text</name>
         <load_address>0x3254</load_address>
         <run_address>0x3254</run_address>
         <size>0x54</size>
         <input_file_ref idref="fl-c9"/>
      </object_component>
      <object_component id="oc-209">
         <name>.text</name>
         <load_address>0x32a8</load_address>
         <run_address>0x32a8</run_address>
         <size>0x54</size>
         <input_file_ref idref="fl-e2"/>
      </object_component>
      <object_component id="oc-22b">
         <name>.text</name>
         <load_address>0x32fc</load_address>
         <run_address>0x32fc</run_address>
         <size>0x4c</size>
         <input_file_ref idref="fl-d4"/>
      </object_component>
      <object_component id="oc-a9">
         <name>.text</name>
         <load_address>0x3348</load_address>
         <run_address>0x3348</run_address>
         <size>0x4c</size>
         <input_file_ref idref="fl-d6"/>
      </object_component>
      <object_component id="oc-204">
         <name>.text</name>
         <load_address>0x3394</load_address>
         <run_address>0x3394</run_address>
         <size>0x48</size>
         <input_file_ref idref="fl-dd"/>
      </object_component>
      <object_component id="oc-de">
         <name>.text:ADC14_getMultiSequenceResult</name>
         <load_address>0x33dc</load_address>
         <run_address>0x33dc</run_address>
         <size>0x44</size>
         <input_file_ref idref="fl-d"/>
      </object_component>
      <object_component id="oc-12e">
         <name>.text:ADC14_initModule</name>
         <load_address>0x3420</load_address>
         <run_address>0x3420</run_address>
         <size>0x38</size>
         <input_file_ref idref="fl-d"/>
      </object_component>
      <object_component id="oc-ea">
         <name>.text</name>
         <load_address>0x3458</load_address>
         <run_address>0x3458</run_address>
         <size>0x38</size>
         <input_file_ref idref="fl-ca"/>
      </object_component>
      <object_component id="oc-27a">
         <name>.text</name>
         <load_address>0x3490</load_address>
         <run_address>0x3490</run_address>
         <size>0x36</size>
         <input_file_ref idref="fl-eb"/>
      </object_component>
      <object_component id="oc-e4">
         <name>.text:ADC_Convert</name>
         <load_address>0x34c8</load_address>
         <run_address>0x34c8</run_address>
         <size>0x34</size>
         <input_file_ref idref="fl-2"/>
      </object_component>
      <object_component id="oc-20f">
         <name>.text</name>
         <load_address>0x34fc</load_address>
         <run_address>0x34fc</run_address>
         <size>0x2e</size>
         <input_file_ref idref="fl-e0"/>
      </object_component>
      <object_component id="oc-14c">
         <name>.text:ADC14_enableConversion</name>
         <load_address>0x352c</load_address>
         <run_address>0x352c</run_address>
         <size>0x2c</size>
         <input_file_ref idref="fl-d"/>
      </object_component>
      <object_component id="oc-146">
         <name>.text:ADC14_enableSampleTimer</name>
         <load_address>0x3558</load_address>
         <run_address>0x3558</run_address>
         <size>0x28</size>
         <input_file_ref idref="fl-d"/>
      </object_component>
      <object_component id="oc-d2">
         <name>.text:ADC14_getEnabledInterruptStatus</name>
         <load_address>0x3580</load_address>
         <run_address>0x3580</run_address>
         <size>0x24</size>
         <input_file_ref idref="fl-d"/>
      </object_component>
      <object_component id="oc-d8">
         <name>.text:ADC14_clearInterruptFlag</name>
         <load_address>0x35a4</load_address>
         <run_address>0x35a4</run_address>
         <size>0x20</size>
         <input_file_ref idref="fl-d"/>
      </object_component>
      <object_component id="oc-140">
         <name>.text:ADC14_enableInterrupt</name>
         <load_address>0x35c4</load_address>
         <run_address>0x35c4</run_address>
         <size>0x20</size>
         <input_file_ref idref="fl-d"/>
      </object_component>
      <object_component id="oc-f5">
         <name>.text:ADC14_toggleConversionTrigger</name>
         <load_address>0x35e4</load_address>
         <run_address>0x35e4</run_address>
         <size>0x20</size>
         <input_file_ref idref="fl-d"/>
      </object_component>
      <object_component id="oc-1e3">
         <name>.text</name>
         <load_address>0x3604</load_address>
         <run_address>0x3604</run_address>
         <size>0x20</size>
         <input_file_ref idref="fl-e4"/>
      </object_component>
      <object_component id="oc-169">
         <name>.text:ADC14_getInterruptStatus</name>
         <load_address>0x3624</load_address>
         <run_address>0x3624</run_address>
         <size>0x1c</size>
         <input_file_ref idref="fl-d"/>
      </object_component>
      <object_component id="oc-231">
         <name>.text</name>
         <load_address>0x3640</load_address>
         <run_address>0x3640</run_address>
         <size>0x1c</size>
         <input_file_ref idref="fl-e3"/>
      </object_component>
      <object_component id="oc-68">
         <name>.text</name>
         <load_address>0x365c</load_address>
         <run_address>0x365c</run_address>
         <size>0x18</size>
         <input_file_ref idref="fl-d3"/>
      </object_component>
      <object_component id="oc-274">
         <name>.text</name>
         <load_address>0x3674</load_address>
         <run_address>0x3674</run_address>
         <size>0x18</size>
         <input_file_ref idref="fl-e9"/>
      </object_component>
      <object_component id="oc-225">
         <name>.text</name>
         <load_address>0x368c</load_address>
         <run_address>0x368c</run_address>
         <size>0x16</size>
         <input_file_ref idref="fl-e8"/>
      </object_component>
      <object_component id="oc-1a5">
         <name>.text:ADCIsConversionRunning</name>
         <load_address>0x36a4</load_address>
         <run_address>0x36a4</run_address>
         <size>0x14</size>
         <input_file_ref idref="fl-d"/>
      </object_component>
      <object_component id="oc-15c">
         <name>.text</name>
         <load_address>0x36b8</load_address>
         <run_address>0x36b8</run_address>
         <size>0x14</size>
         <input_file_ref idref="fl-d1"/>
      </object_component>
      <object_component id="oc-2a4">
         <name>.text</name>
         <load_address>0x36cc</load_address>
         <run_address>0x36cc</run_address>
         <size>0x14</size>
         <input_file_ref idref="fl-f3"/>
      </object_component>
      <object_component id="oc-320">
         <name>.text</name>
         <load_address>0x36e0</load_address>
         <run_address>0x36e0</run_address>
         <size>0x14</size>
         <input_file_ref idref="fl-f5"/>
      </object_component>
      <object_component id="oc-1dd">
         <name>.text</name>
         <load_address>0x36f4</load_address>
         <run_address>0x36f4</run_address>
         <size>0x14</size>
         <input_file_ref idref="fl-ea"/>
      </object_component>
      <object_component id="oc-128">
         <name>.text:ADC14_enableModule</name>
         <load_address>0x3708</load_address>
         <run_address>0x3708</run_address>
         <size>0x10</size>
         <input_file_ref idref="fl-d"/>
      </object_component>
      <object_component id="oc-1a">
         <name>.text:decompress:none</name>
         <load_address>0x3718</load_address>
         <run_address>0x3718</run_address>
         <size>0xe</size>
         <input_file_ref idref="fl-c7"/>
      </object_component>
      <object_component id="oc-78">
         <name>.text:Reset_Handler</name>
         <load_address>0x3726</load_address>
         <run_address>0x3726</run_address>
         <size>0xc</size>
         <input_file_ref idref="fl-4"/>
      </object_component>
      <object_component id="oc-20">
         <name>.text:decompress:ZI</name>
         <load_address>0x3732</load_address>
         <run_address>0x3732</run_address>
         <size>0xc</size>
         <input_file_ref idref="fl-c8"/>
      </object_component>
      <object_component id="oc-5c">
         <name>.text</name>
         <load_address>0x373e</load_address>
         <run_address>0x373e</run_address>
         <size>0x4</size>
         <input_file_ref idref="fl-ce"/>
      </object_component>
      <object_component id="oc-2b1">
         <name>.const:.string:_ctypes_</name>
         <load_address>0x3744</load_address>
         <run_address>0x3744</run_address>
         <size>0x101</size>
         <input_file_ref idref="fl-d7"/>
      </object_component>
      <object_component id="oc-171">
         <name>.const:_ctlRegs</name>
         <load_address>0x3848</load_address>
         <run_address>0x3848</run_address>
         <size>0x80</size>
         <input_file_ref idref="fl-d"/>
      </object_component>
      <object_component id="oc-373">
         <name>.cinit..data.load</name>
         <load_address>0x38c8</load_address>
         <run_address>0x38c8</run_address>
         <size>0x6d</size>
      </object_component>
      <object_component id="oc-371">
         <name>__TI_handler_table</name>
         <load_address>0x3938</load_address>
         <run_address>0x3938</run_address>
         <size>0xc</size>
      </object_component>
      <object_component id="oc-374">
         <name>.cinit..bss.load</name>
         <load_address>0x3948</load_address>
         <run_address>0x3948</run_address>
         <size>0x8</size>
      </object_component>
      <object_component id="oc-372">
         <name>__TI_cinit_table</name>
         <load_address>0x3950</load_address>
         <run_address>0x3950</run_address>
         <size>0x10</size>
      </object_component>
      <object_component id="oc-34e">
         <name>.binit</name>
         <load_address>0x0</load_address>
         <run_address>0x0</run_address>
         <size>0x0</size>
      </object_component>
      <object_component id="oc-bf">
         <name>.data:$O1$$</name>
         <load_address>0x200009d0</load_address>
         <run_address>0x200009d0</run_address>
         <size>0xc</size>
         <input_file_ref idref="fl-c9"/>
      </object_component>
      <object_component id="oc-74">
         <name>.data</name>
         <load_address>0x200009f8</load_address>
         <run_address>0x200009f8</run_address>
         <size>0x4</size>
         <input_file_ref idref="fl-d0"/>
      </object_component>
      <object_component id="oc-c2">
         <name>.data:$O1$$</name>
         <load_address>0x200009e8</load_address>
         <run_address>0x200009e8</run_address>
         <size>0x8</size>
         <input_file_ref idref="fl-d1"/>
      </object_component>
      <object_component id="oc-18a">
         <name>.data:_ftable</name>
         <load_address>0x20000800</load_address>
         <run_address>0x20000800</run_address>
         <size>0xf0</size>
         <input_file_ref idref="fl-d8"/>
      </object_component>
      <object_component id="oc-26f">
         <name>.data</name>
         <load_address>0x200009c0</load_address>
         <run_address>0x200009c0</run_address>
         <size>0x10</size>
         <input_file_ref idref="fl-d8"/>
      </object_component>
      <object_component id="oc-280">
         <name>.data:$O1$$</name>
         <load_address>0x200008f0</load_address>
         <run_address>0x200008f0</run_address>
         <size>0xd0</size>
         <input_file_ref idref="fl-e1"/>
      </object_component>
      <object_component id="oc-2aa">
         <name>.data</name>
         <load_address>0x200009f0</load_address>
         <run_address>0x200009f0</run_address>
         <size>0x4</size>
         <input_file_ref idref="fl-f0"/>
      </object_component>
      <object_component id="oc-311">
         <name>.data</name>
         <load_address>0x200009f4</load_address>
         <run_address>0x200009f4</run_address>
         <size>0x4</size>
         <input_file_ref idref="fl-f6"/>
      </object_component>
      <object_component id="oc-307">
         <name>.data:$O1$$</name>
         <load_address>0x200009dc</load_address>
         <run_address>0x200009dc</run_address>
         <size>0xc</size>
         <input_file_ref idref="fl-f7"/>
      </object_component>
      <object_component id="oc-fb">
         <name>.bss:resultsBuffer</name>
         <uninitialized>true</uninitialized>
         <run_address>0x20000bc4</run_address>
         <size>0x4</size>
         <input_file_ref idref="fl-2"/>
      </object_component>
      <object_component id="oc-326">
         <name>.bss:parmbuf</name>
         <uninitialized>true</uninitialized>
         <run_address>0x20000bbc</run_address>
         <size>0x8</size>
         <input_file_ref idref="fl-ec"/>
      </object_component>
      <object_component id="oc-339">
         <name>.bss:_CIOBUF_</name>
         <uninitialized>true</uninitialized>
         <run_address>0x200009fc</run_address>
         <size>0x120</size>
         <input_file_ref idref="fl-ed"/>
      </object_component>
      <object_component id="oc-334">
         <name>.common:__TI_tmpnams</name>
         <uninitialized>true</uninitialized>
         <run_address>0x20000b1c</run_address>
         <size>0xa0</size>
      </object_component>
      <object_component id="oc-30">
         <name>.sysmem</name>
         <uninitialized>true</uninitialized>
         <run_address>0x20000000</run_address>
         <size>0x8</size>
         <input_file_ref idref="fl-f7"/>
      </object_component>
      <object_component id="oc-376">
         <name>.sysmem</name>
         <uninitialized>true</uninitialized>
         <run_address>0x20000000</run_address>
         <size>0x0</size>
      </object_component>
      <object_component id="oc-2f">
         <name>.stack</name>
         <uninitialized>true</uninitialized>
         <run_address>0x2000fe00</run_address>
         <size>0x0</size>
         <input_file_ref idref="fl-c5"/>
      </object_component>
      <object_component id="oc-375">
         <name>.stack</name>
         <uninitialized>true</uninitialized>
         <run_address>0x2000fe00</run_address>
         <size>0x0</size>
      </object_component>
      <object_component id="oc-197">
         <name>.debug_info</name>
         <load_address>0x0</load_address>
         <run_address>0x0</run_address>
         <size>0x716</size>
         <input_file_ref idref="fl-2"/>
      </object_component>
      <object_component id="oc-fc">
         <name>.debug_info</name>
         <load_address>0x716</load_address>
         <run_address>0x716</run_address>
         <size>0xea</size>
         <input_file_ref idref="fl-2"/>
      </object_component>
      <object_component id="oc-b8">
         <name>.debug_info</name>
         <load_address>0x800</load_address>
         <run_address>0x800</run_address>
         <size>0x276</size>
         <input_file_ref idref="fl-2"/>
      </object_component>
      <object_component id="oc-e5">
         <name>.debug_info</name>
         <load_address>0xa76</load_address>
         <run_address>0xa76</run_address>
         <size>0x166</size>
         <input_file_ref idref="fl-2"/>
      </object_component>
      <object_component id="oc-85">
         <name>.debug_info</name>
         <load_address>0xbdc</load_address>
         <run_address>0xbdc</run_address>
         <size>0x20c</size>
         <input_file_ref idref="fl-2"/>
      </object_component>
      <object_component id="oc-1c4">
         <name>.debug_info</name>
         <load_address>0xde8</load_address>
         <run_address>0xde8</run_address>
         <size>0x1055</size>
         <input_file_ref idref="fl-2"/>
      </object_component>
      <object_component id="oc-255">
         <name>.debug_info</name>
         <load_address>0x1e3d</load_address>
         <run_address>0x1e3d</run_address>
         <size>0x37cd</size>
         <input_file_ref idref="fl-2"/>
      </object_component>
      <object_component id="oc-25a">
         <name>.debug_info</name>
         <load_address>0x560a</load_address>
         <run_address>0x560a</run_address>
         <size>0xc8</size>
         <input_file_ref idref="fl-2"/>
      </object_component>
      <object_component id="oc-104">
         <name>.debug_info</name>
         <load_address>0x56d2</load_address>
         <run_address>0x56d2</run_address>
         <size>0x8b</size>
         <input_file_ref idref="fl-2"/>
      </object_component>
      <object_component id="oc-ff">
         <name>.debug_info</name>
         <load_address>0x575d</load_address>
         <run_address>0x575d</run_address>
         <size>0x18b</size>
         <input_file_ref idref="fl-2"/>
      </object_component>
      <object_component id="oc-18f">
         <name>.debug_info</name>
         <load_address>0x58e8</load_address>
         <run_address>0x58e8</run_address>
         <size>0x4e</size>
         <input_file_ref idref="fl-2"/>
      </object_component>
      <object_component id="oc-cc">
         <name>.debug_info</name>
         <load_address>0x5936</load_address>
         <run_address>0x5936</run_address>
         <size>0x133</size>
         <input_file_ref idref="fl-3"/>
      </object_component>
      <object_component id="oc-39">
         <name>.debug_info</name>
         <load_address>0x5a69</load_address>
         <run_address>0x5a69</run_address>
         <size>0x84</size>
         <input_file_ref idref="fl-3"/>
      </object_component>
      <object_component id="oc-8c">
         <name>.debug_info</name>
         <load_address>0x5aed</load_address>
         <run_address>0x5aed</run_address>
         <size>0x127</size>
         <input_file_ref idref="fl-4"/>
      </object_component>
      <object_component id="oc-2d">
         <name>.debug_info</name>
         <load_address>0x5c14</load_address>
         <run_address>0x5c14</run_address>
         <size>0xff</size>
         <input_file_ref idref="fl-4"/>
      </object_component>
      <object_component id="oc-79">
         <name>.debug_info</name>
         <load_address>0x5d13</load_address>
         <run_address>0x5d13</run_address>
         <size>0x162</size>
         <input_file_ref idref="fl-4"/>
      </object_component>
      <object_component id="oc-7f">
         <name>.debug_info</name>
         <load_address>0x5e75</load_address>
         <run_address>0x5e75</run_address>
         <size>0x14a</size>
         <input_file_ref idref="fl-4"/>
      </object_component>
      <object_component id="oc-175">
         <name>.debug_info</name>
         <load_address>0x5fbf</load_address>
         <run_address>0x5fbf</run_address>
         <size>0x4db</size>
         <input_file_ref idref="fl-d"/>
      </object_component>
      <object_component id="oc-172">
         <name>.debug_info</name>
         <load_address>0x649a</load_address>
         <run_address>0x649a</run_address>
         <size>0xaf</size>
         <input_file_ref idref="fl-d"/>
      </object_component>
      <object_component id="oc-f6">
         <name>.debug_info</name>
         <load_address>0x6549</load_address>
         <run_address>0x6549</run_address>
         <size>0x107</size>
         <input_file_ref idref="fl-d"/>
      </object_component>
      <object_component id="oc-1a6">
         <name>.debug_info</name>
         <load_address>0x6650</load_address>
         <run_address>0x6650</run_address>
         <size>0xf5</size>
         <input_file_ref idref="fl-d"/>
      </object_component>
      <object_component id="oc-12f">
         <name>.debug_info</name>
         <load_address>0x6745</load_address>
         <run_address>0x6745</run_address>
         <size>0x233</size>
         <input_file_ref idref="fl-d"/>
      </object_component>
      <object_component id="oc-1ad">
         <name>.debug_info</name>
         <load_address>0x6978</load_address>
         <run_address>0x6978</run_address>
         <size>0x1c6</size>
         <input_file_ref idref="fl-d"/>
      </object_component>
      <object_component id="oc-df">
         <name>.debug_info</name>
         <load_address>0x6b3e</load_address>
         <run_address>0x6b3e</run_address>
         <size>0x151</size>
         <input_file_ref idref="fl-d"/>
      </object_component>
      <object_component id="oc-16a">
         <name>.debug_info</name>
         <load_address>0x6c8f</load_address>
         <run_address>0x6c8f</run_address>
         <size>0x112</size>
         <input_file_ref idref="fl-d"/>
      </object_component>
      <object_component id="oc-d3">
         <name>.debug_info</name>
         <load_address>0x6da1</load_address>
         <run_address>0x6da1</run_address>
         <size>0x13b</size>
         <input_file_ref idref="fl-d"/>
      </object_component>
      <object_component id="oc-147">
         <name>.debug_info</name>
         <load_address>0x6edc</load_address>
         <run_address>0x6edc</run_address>
         <size>0x16f</size>
         <input_file_ref idref="fl-d"/>
      </object_component>
      <object_component id="oc-129">
         <name>.debug_info</name>
         <load_address>0x704b</load_address>
         <run_address>0x704b</run_address>
         <size>0xea</size>
         <input_file_ref idref="fl-d"/>
      </object_component>
      <object_component id="oc-141">
         <name>.debug_info</name>
         <load_address>0x7135</load_address>
         <run_address>0x7135</run_address>
         <size>0x104</size>
         <input_file_ref idref="fl-d"/>
      </object_component>
      <object_component id="oc-14d">
         <name>.debug_info</name>
         <load_address>0x7239</load_address>
         <run_address>0x7239</run_address>
         <size>0x11c</size>
         <input_file_ref idref="fl-d"/>
      </object_component>
      <object_component id="oc-135">
         <name>.debug_info</name>
         <load_address>0x7355</load_address>
         <run_address>0x7355</run_address>
         <size>0x214</size>
         <input_file_ref idref="fl-d"/>
      </object_component>
      <object_component id="oc-13b">
         <name>.debug_info</name>
         <load_address>0x7569</load_address>
         <run_address>0x7569</run_address>
         <size>0x274</size>
         <input_file_ref idref="fl-d"/>
      </object_component>
      <object_component id="oc-d9">
         <name>.debug_info</name>
         <load_address>0x77dd</load_address>
         <run_address>0x77dd</run_address>
         <size>0x10a</size>
         <input_file_ref idref="fl-d"/>
      </object_component>
      <object_component id="oc-1bf">
         <name>.debug_info</name>
         <load_address>0x78e7</load_address>
         <run_address>0x78e7</run_address>
         <size>0x3ba4</size>
         <input_file_ref idref="fl-d"/>
      </object_component>
      <object_component id="oc-28">
         <name>.debug_info</name>
         <load_address>0xb48b</load_address>
         <run_address>0xb48b</run_address>
         <size>0x160</size>
         <input_file_ref idref="fl-c5"/>
      </object_component>
      <object_component id="oc-96">
         <name>.debug_info</name>
         <load_address>0xb5eb</load_address>
         <run_address>0xb5eb</run_address>
         <size>0xf9</size>
         <input_file_ref idref="fl-c6"/>
      </object_component>
      <object_component id="oc-15">
         <name>.debug_info</name>
         <load_address>0xb6e4</load_address>
         <run_address>0xb6e4</run_address>
         <size>0x245</size>
         <input_file_ref idref="fl-c6"/>
      </object_component>
      <object_component id="oc-34">
         <name>.debug_info</name>
         <load_address>0xb929</load_address>
         <run_address>0xb929</run_address>
         <size>0x60</size>
         <input_file_ref idref="fl-c6"/>
      </object_component>
      <object_component id="oc-91">
         <name>.debug_info</name>
         <load_address>0xb989</load_address>
         <run_address>0xb989</run_address>
         <size>0x46</size>
         <input_file_ref idref="fl-c6"/>
      </object_component>
      <object_component id="oc-49">
         <name>.debug_info</name>
         <load_address>0xb9cf</load_address>
         <run_address>0xb9cf</run_address>
         <size>0x140</size>
         <input_file_ref idref="fl-c7"/>
      </object_component>
      <object_component id="oc-1d">
         <name>.debug_info</name>
         <load_address>0xbb0f</load_address>
         <run_address>0xbb0f</run_address>
         <size>0x1df</size>
         <input_file_ref idref="fl-c7"/>
      </object_component>
      <object_component id="oc-44">
         <name>.debug_info</name>
         <load_address>0xbcee</load_address>
         <run_address>0xbcee</run_address>
         <size>0x46</size>
         <input_file_ref idref="fl-c7"/>
      </object_component>
      <object_component id="oc-98">
         <name>.debug_info</name>
         <load_address>0xbd34</load_address>
         <run_address>0xbd34</run_address>
         <size>0x2c</size>
         <input_file_ref idref="fl-c7"/>
      </object_component>
      <object_component id="oc-55">
         <name>.debug_info</name>
         <load_address>0xbd60</load_address>
         <run_address>0xbd60</run_address>
         <size>0x12f</size>
         <input_file_ref idref="fl-c8"/>
      </object_component>
      <object_component id="oc-22">
         <name>.debug_info</name>
         <load_address>0xbe8f</load_address>
         <run_address>0xbe8f</run_address>
         <size>0x1aa</size>
         <input_file_ref idref="fl-c8"/>
      </object_component>
      <object_component id="oc-50">
         <name>.debug_info</name>
         <load_address>0xc039</load_address>
         <run_address>0xc039</run_address>
         <size>0x46</size>
         <input_file_ref idref="fl-c8"/>
      </object_component>
      <object_component id="oc-a0">
         <name>.debug_info</name>
         <load_address>0xc07f</load_address>
         <run_address>0xc07f</run_address>
         <size>0x2c</size>
         <input_file_ref idref="fl-c8"/>
      </object_component>
      <object_component id="oc-c6">
         <name>.debug_info</name>
         <load_address>0xc0ab</load_address>
         <run_address>0xc0ab</run_address>
         <size>0x234</size>
         <input_file_ref idref="fl-c9"/>
      </object_component>
      <object_component id="oc-c0">
         <name>.debug_info</name>
         <load_address>0xc2df</load_address>
         <run_address>0xc2df</run_address>
         <size>0x185</size>
         <input_file_ref idref="fl-c9"/>
      </object_component>
      <object_component id="oc-71">
         <name>.debug_info</name>
         <load_address>0xc464</load_address>
         <run_address>0xc464</run_address>
         <size>0x214</size>
         <input_file_ref idref="fl-c9"/>
      </object_component>
      <object_component id="oc-ed">
         <name>.debug_info</name>
         <load_address>0xc678</load_address>
         <run_address>0xc678</run_address>
         <size>0x124</size>
         <input_file_ref idref="fl-ca"/>
      </object_component>
      <object_component id="oc-40">
         <name>.debug_info</name>
         <load_address>0xc79c</load_address>
         <run_address>0xc79c</run_address>
         <size>0x111</size>
         <input_file_ref idref="fl-cb"/>
      </object_component>
      <object_component id="oc-4d">
         <name>.debug_info</name>
         <load_address>0xc8ad</load_address>
         <run_address>0xc8ad</run_address>
         <size>0x13f</size>
         <input_file_ref idref="fl-cc"/>
      </object_component>
      <object_component id="oc-57">
         <name>.debug_info</name>
         <load_address>0xc9ec</load_address>
         <run_address>0xc9ec</run_address>
         <size>0x138</size>
         <input_file_ref idref="fl-cd"/>
      </object_component>
      <object_component id="oc-5d">
         <name>.debug_info</name>
         <load_address>0xcb24</load_address>
         <run_address>0xcb24</run_address>
         <size>0x148</size>
         <input_file_ref idref="fl-ce"/>
      </object_component>
      <object_component id="oc-18e">
         <name>.debug_info</name>
         <load_address>0xcc6c</load_address>
         <run_address>0xcc6c</run_address>
         <size>0x22c</size>
         <input_file_ref idref="fl-cf"/>
      </object_component>
      <object_component id="oc-f1">
         <name>.debug_info</name>
         <load_address>0xce98</load_address>
         <run_address>0xce98</run_address>
         <size>0x284</size>
         <input_file_ref idref="fl-cf"/>
      </object_component>
      <object_component id="oc-24e">
         <name>.debug_info</name>
         <load_address>0xd11c</load_address>
         <run_address>0xd11c</run_address>
         <size>0xae</size>
         <input_file_ref idref="fl-cf"/>
      </object_component>
      <object_component id="oc-75">
         <name>.debug_info</name>
         <load_address>0xd1ca</load_address>
         <run_address>0xd1ca</run_address>
         <size>0x109</size>
         <input_file_ref idref="fl-d0"/>
      </object_component>
      <object_component id="oc-164">
         <name>.debug_info</name>
         <load_address>0xd2d3</load_address>
         <run_address>0xd2d3</run_address>
         <size>0x124</size>
         <input_file_ref idref="fl-d1"/>
      </object_component>
      <object_component id="oc-c3">
         <name>.debug_info</name>
         <load_address>0xd3f7</load_address>
         <run_address>0xd3f7</run_address>
         <size>0x113</size>
         <input_file_ref idref="fl-d1"/>
      </object_component>
      <object_component id="oc-15d">
         <name>.debug_info</name>
         <load_address>0xd50a</load_address>
         <run_address>0xd50a</run_address>
         <size>0x21f</size>
         <input_file_ref idref="fl-d1"/>
      </object_component>
      <object_component id="oc-238">
         <name>.debug_info</name>
         <load_address>0xd729</load_address>
         <run_address>0xd729</run_address>
         <size>0x385</size>
         <input_file_ref idref="fl-d2"/>
      </object_component>
      <object_component id="oc-185">
         <name>.debug_info</name>
         <load_address>0xdaae</load_address>
         <run_address>0xdaae</run_address>
         <size>0x1543</size>
         <input_file_ref idref="fl-d2"/>
      </object_component>
      <object_component id="oc-239">
         <name>.debug_info</name>
         <load_address>0xeff1</load_address>
         <run_address>0xeff1</run_address>
         <size>0x86</size>
         <input_file_ref idref="fl-d2"/>
      </object_component>
      <object_component id="oc-243">
         <name>.debug_info</name>
         <load_address>0xf077</load_address>
         <run_address>0xf077</run_address>
         <size>0x2c</size>
         <input_file_ref idref="fl-d2"/>
      </object_component>
      <object_component id="oc-2ba">
         <name>.debug_info</name>
         <load_address>0xf0a3</load_address>
         <run_address>0xf0a3</run_address>
         <size>0x46</size>
         <input_file_ref idref="fl-d2"/>
      </object_component>
      <object_component id="oc-23e">
         <name>.debug_info</name>
         <load_address>0xf0e9</load_address>
         <run_address>0xf0e9</run_address>
         <size>0x39</size>
         <input_file_ref idref="fl-d2"/>
      </object_component>
      <object_component id="oc-be">
         <name>.debug_info</name>
         <load_address>0xf122</load_address>
         <run_address>0xf122</run_address>
         <size>0x166</size>
         <input_file_ref idref="fl-d3"/>
      </object_component>
      <object_component id="oc-6a">
         <name>.debug_info</name>
         <load_address>0xf288</load_address>
         <run_address>0xf288</run_address>
         <size>0x167</size>
         <input_file_ref idref="fl-d3"/>
      </object_component>
      <object_component id="oc-155">
         <name>.debug_info</name>
         <load_address>0xf3ef</load_address>
         <run_address>0xf3ef</run_address>
         <size>0x5e</size>
         <input_file_ref idref="fl-d3"/>
      </object_component>
      <object_component id="oc-2b5">
         <name>.debug_info</name>
         <load_address>0xf44d</load_address>
         <run_address>0xf44d</run_address>
         <size>0x114</size>
         <input_file_ref idref="fl-d4"/>
      </object_component>
      <object_component id="oc-22f">
         <name>.debug_info</name>
         <load_address>0xf561</load_address>
         <run_address>0xf561</run_address>
         <size>0x171</size>
         <input_file_ref idref="fl-d4"/>
      </object_component>
      <object_component id="oc-b6">
         <name>.debug_info</name>
         <load_address>0xf6d2</load_address>
         <run_address>0xf6d2</run_address>
         <size>0x2e9</size>
         <input_file_ref idref="fl-d5"/>
      </object_component>
      <object_component id="oc-65">
         <name>.debug_info</name>
         <load_address>0xf9bb</load_address>
         <run_address>0xf9bb</run_address>
         <size>0x190</size>
         <input_file_ref idref="fl-d5"/>
      </object_component>
      <object_component id="oc-11e">
         <name>.debug_info</name>
         <load_address>0xfb4b</load_address>
         <run_address>0xfb4b</run_address>
         <size>0x39</size>
         <input_file_ref idref="fl-d5"/>
      </object_component>
      <object_component id="oc-19f">
         <name>.debug_info</name>
         <load_address>0xfb84</load_address>
         <run_address>0xfb84</run_address>
         <size>0x39</size>
         <input_file_ref idref="fl-d5"/>
      </object_component>
      <object_component id="oc-123">
         <name>.debug_info</name>
         <load_address>0xfbbd</load_address>
         <run_address>0xfbbd</run_address>
         <size>0xcd</size>
         <input_file_ref idref="fl-d5"/>
      </object_component>
      <object_component id="oc-11a">
         <name>.debug_info</name>
         <load_address>0xfc8a</load_address>
         <run_address>0xfc8a</run_address>
         <size>0x1e0</size>
         <input_file_ref idref="fl-d6"/>
      </object_component>
      <object_component id="oc-ab">
         <name>.debug_info</name>
         <load_address>0xfe6a</load_address>
         <run_address>0xfe6a</run_address>
         <size>0x183</size>
         <input_file_ref idref="fl-d6"/>
      </object_component>
      <object_component id="oc-19a">
         <name>.debug_info</name>
         <load_address>0xffed</load_address>
         <run_address>0xffed</run_address>
         <size>0x2c</size>
         <input_file_ref idref="fl-d6"/>
      </object_component>
      <object_component id="oc-300">
         <name>.debug_info</name>
         <load_address>0x10019</load_address>
         <run_address>0x10019</run_address>
         <size>0xee</size>
         <input_file_ref idref="fl-d7"/>
      </object_component>
      <object_component id="oc-2b2">
         <name>.debug_info</name>
         <load_address>0x10107</load_address>
         <run_address>0x10107</run_address>
         <size>0xfa</size>
         <input_file_ref idref="fl-d7"/>
      </object_component>
      <object_component id="oc-24a">
         <name>.debug_info</name>
         <load_address>0x10201</load_address>
         <run_address>0x10201</run_address>
         <size>0x139</size>
         <input_file_ref idref="fl-d8"/>
      </object_component>
      <object_component id="oc-18b">
         <name>.debug_info</name>
         <load_address>0x1033a</load_address>
         <run_address>0x1033a</run_address>
         <size>0xf7</size>
         <input_file_ref idref="fl-d8"/>
      </object_component>
      <object_component id="oc-270">
         <name>.debug_info</name>
         <load_address>0x10431</load_address>
         <run_address>0x10431</run_address>
         <size>0x184</size>
         <input_file_ref idref="fl-d8"/>
      </object_component>
      <object_component id="oc-215">
         <name>.debug_info</name>
         <load_address>0x105b5</load_address>
         <run_address>0x105b5</run_address>
         <size>0x144</size>
         <input_file_ref idref="fl-d9"/>
      </object_component>
      <object_component id="oc-1f1">
         <name>.debug_info</name>
         <load_address>0x106f9</load_address>
         <run_address>0x106f9</run_address>
         <size>0x120</size>
         <input_file_ref idref="fl-da"/>
      </object_component>
      <object_component id="oc-200">
         <name>.debug_info</name>
         <load_address>0x10819</load_address>
         <run_address>0x10819</run_address>
         <size>0x122</size>
         <input_file_ref idref="fl-da"/>
      </object_component>
      <object_component id="oc-1fb">
         <name>.debug_info</name>
         <load_address>0x1093b</load_address>
         <run_address>0x1093b</run_address>
         <size>0x132</size>
         <input_file_ref idref="fl-db"/>
      </object_component>
      <object_component id="oc-1f6">
         <name>.debug_info</name>
         <load_address>0x10a6d</load_address>
         <run_address>0x10a6d</run_address>
         <size>0x132</size>
         <input_file_ref idref="fl-dc"/>
      </object_component>
      <object_component id="oc-206">
         <name>.debug_info</name>
         <load_address>0x10b9f</load_address>
         <run_address>0x10b9f</run_address>
         <size>0x126</size>
         <input_file_ref idref="fl-dd"/>
      </object_component>
      <object_component id="oc-1dc">
         <name>.debug_info</name>
         <load_address>0x10cc5</load_address>
         <run_address>0x10cc5</run_address>
         <size>0x1de</size>
         <input_file_ref idref="fl-de"/>
      </object_component>
      <object_component id="oc-179">
         <name>.debug_info</name>
         <load_address>0x10ea3</load_address>
         <run_address>0x10ea3</run_address>
         <size>0x23f</size>
         <input_file_ref idref="fl-de"/>
      </object_component>
      <object_component id="oc-1ea">
         <name>.debug_info</name>
         <load_address>0x110e2</load_address>
         <run_address>0x110e2</run_address>
         <size>0x2a2</size>
         <input_file_ref idref="fl-df"/>
      </object_component>
      <object_component id="oc-180">
         <name>.debug_info</name>
         <load_address>0x11384</load_address>
         <run_address>0x11384</run_address>
         <size>0x359</size>
         <input_file_ref idref="fl-df"/>
      </object_component>
      <object_component id="oc-210">
         <name>.debug_info</name>
         <load_address>0x116dd</load_address>
         <run_address>0x116dd</run_address>
         <size>0x124</size>
         <input_file_ref idref="fl-e0"/>
      </object_component>
      <object_component id="oc-284">
         <name>.debug_info</name>
         <load_address>0x11801</load_address>
         <run_address>0x11801</run_address>
         <size>0x4a0</size>
         <input_file_ref idref="fl-e1"/>
      </object_component>
      <object_component id="oc-281">
         <name>.debug_info</name>
         <load_address>0x11ca1</load_address>
         <run_address>0x11ca1</run_address>
         <size>0x116</size>
         <input_file_ref idref="fl-e1"/>
      </object_component>
      <object_component id="oc-1d8">
         <name>.debug_info</name>
         <load_address>0x11db7</load_address>
         <run_address>0x11db7</run_address>
         <size>0xb0b</size>
         <input_file_ref idref="fl-e1"/>
      </object_component>
      <object_component id="oc-2ea">
         <name>.debug_info</name>
         <load_address>0x128c2</load_address>
         <run_address>0x128c2</run_address>
         <size>0x120</size>
         <input_file_ref idref="fl-e1"/>
      </object_component>
      <object_component id="oc-286">
         <name>.debug_info</name>
         <load_address>0x129e2</load_address>
         <run_address>0x129e2</run_address>
         <size>0x2c</size>
         <input_file_ref idref="fl-e1"/>
      </object_component>
      <object_component id="oc-29a">
         <name>.debug_info</name>
         <load_address>0x12a0e</load_address>
         <run_address>0x12a0e</run_address>
         <size>0x14c</size>
         <input_file_ref idref="fl-e2"/>
      </object_component>
      <object_component id="oc-20c">
         <name>.debug_info</name>
         <load_address>0x12b5a</load_address>
         <run_address>0x12b5a</run_address>
         <size>0x1c2</size>
         <input_file_ref idref="fl-e2"/>
      </object_component>
      <object_component id="oc-2b7">
         <name>.debug_info</name>
         <load_address>0x12d1c</load_address>
         <run_address>0x12d1c</run_address>
         <size>0xf1</size>
         <input_file_ref idref="fl-e3"/>
      </object_component>
      <object_component id="oc-235">
         <name>.debug_info</name>
         <load_address>0x12e0d</load_address>
         <run_address>0x12e0d</run_address>
         <size>0x1ab</size>
         <input_file_ref idref="fl-e3"/>
      </object_component>
      <object_component id="oc-290">
         <name>.debug_info</name>
         <load_address>0x12fb8</load_address>
         <run_address>0x12fb8</run_address>
         <size>0x100</size>
         <input_file_ref idref="fl-e4"/>
      </object_component>
      <object_component id="oc-1e5">
         <name>.debug_info</name>
         <load_address>0x130b8</load_address>
         <run_address>0x130b8</run_address>
         <size>0x242</size>
         <input_file_ref idref="fl-e4"/>
      </object_component>
      <object_component id="oc-29e">
         <name>.debug_info</name>
         <load_address>0x132fa</load_address>
         <run_address>0x132fa</run_address>
         <size>0x13f</size>
         <input_file_ref idref="fl-e5"/>
      </object_component>
      <object_component id="oc-21a">
         <name>.debug_info</name>
         <load_address>0x13439</load_address>
         <run_address>0x13439</run_address>
         <size>0x18a</size>
         <input_file_ref idref="fl-e5"/>
      </object_component>
      <object_component id="oc-29f">
         <name>.debug_info</name>
         <load_address>0x135c3</load_address>
         <run_address>0x135c3</run_address>
         <size>0x2c</size>
         <input_file_ref idref="fl-e5"/>
      </object_component>
      <object_component id="oc-2ae">
         <name>.debug_info</name>
         <load_address>0x135ef</load_address>
         <run_address>0x135ef</run_address>
         <size>0x17c</size>
         <input_file_ref idref="fl-e6"/>
      </object_component>
      <object_component id="oc-222">
         <name>.debug_info</name>
         <load_address>0x1376b</load_address>
         <run_address>0x1376b</run_address>
         <size>0x1d5</size>
         <input_file_ref idref="fl-e6"/>
      </object_component>
      <object_component id="oc-b0">
         <name>.debug_info</name>
         <load_address>0x13940</load_address>
         <run_address>0x13940</run_address>
         <size>0x145</size>
         <input_file_ref idref="fl-e7"/>
      </object_component>
      <object_component id="oc-2b0">
         <name>.debug_info</name>
         <load_address>0x13a85</load_address>
         <run_address>0x13a85</run_address>
         <size>0xf5</size>
         <input_file_ref idref="fl-e8"/>
      </object_component>
      <object_component id="oc-229">
         <name>.debug_info</name>
         <load_address>0x13b7a</load_address>
         <run_address>0x13b7a</run_address>
         <size>0x244</size>
         <input_file_ref idref="fl-e8"/>
      </object_component>
      <object_component id="oc-2dd">
         <name>.debug_info</name>
         <load_address>0x13dbe</load_address>
         <run_address>0x13dbe</run_address>
         <size>0xe5</size>
         <input_file_ref idref="fl-e9"/>
      </object_component>
      <object_component id="oc-275">
         <name>.debug_info</name>
         <load_address>0x13ea3</load_address>
         <run_address>0x13ea3</run_address>
         <size>0x258</size>
         <input_file_ref idref="fl-e9"/>
      </object_component>
      <object_component id="oc-28e">
         <name>.debug_info</name>
         <load_address>0x140fb</load_address>
         <run_address>0x140fb</run_address>
         <size>0xea</size>
         <input_file_ref idref="fl-ea"/>
      </object_component>
      <object_component id="oc-1de">
         <name>.debug_info</name>
         <load_address>0x141e5</load_address>
         <run_address>0x141e5</run_address>
         <size>0x22a</size>
         <input_file_ref idref="fl-ea"/>
      </object_component>
      <object_component id="oc-2df">
         <name>.debug_info</name>
         <load_address>0x1440f</load_address>
         <run_address>0x1440f</run_address>
         <size>0xf6</size>
         <input_file_ref idref="fl-eb"/>
      </object_component>
      <object_component id="oc-27d">
         <name>.debug_info</name>
         <load_address>0x14505</load_address>
         <run_address>0x14505</run_address>
         <size>0x259</size>
         <input_file_ref idref="fl-eb"/>
      </object_component>
      <object_component id="oc-32a">
         <name>.debug_info</name>
         <load_address>0x1475e</load_address>
         <run_address>0x1475e</run_address>
         <size>0x24f</size>
         <input_file_ref idref="fl-ec"/>
      </object_component>
      <object_component id="oc-327">
         <name>.debug_info</name>
         <load_address>0x149ad</load_address>
         <run_address>0x149ad</run_address>
         <size>0xf8</size>
         <input_file_ref idref="fl-ec"/>
      </object_component>
      <object_component id="oc-2e1">
         <name>.debug_info</name>
         <load_address>0x14aa5</load_address>
         <run_address>0x14aa5</run_address>
         <size>0xab9</size>
         <input_file_ref idref="fl-ec"/>
      </object_component>
      <object_component id="oc-32b">
         <name>.debug_info</name>
         <load_address>0x1555e</load_address>
         <run_address>0x1555e</run_address>
         <size>0x53</size>
         <input_file_ref idref="fl-ec"/>
      </object_component>
      <object_component id="oc-33d">
         <name>.debug_info</name>
         <load_address>0x155b1</load_address>
         <run_address>0x155b1</run_address>
         <size>0x116</size>
         <input_file_ref idref="fl-ed"/>
      </object_component>
      <object_component id="oc-33a">
         <name>.debug_info</name>
         <load_address>0x156c7</load_address>
         <run_address>0x156c7</run_address>
         <size>0xfd</size>
         <input_file_ref idref="fl-ed"/>
      </object_component>
      <object_component id="oc-31d">
         <name>.debug_info</name>
         <load_address>0x157c4</load_address>
         <run_address>0x157c4</run_address>
         <size>0x281</size>
         <input_file_ref idref="fl-ed"/>
      </object_component>
      <object_component id="oc-1ec">
         <name>.debug_info</name>
         <load_address>0x15a45</load_address>
         <run_address>0x15a45</run_address>
         <size>0x17d</size>
         <input_file_ref idref="fl-ee"/>
      </object_component>
      <object_component id="oc-26e">
         <name>.debug_info</name>
         <load_address>0x15bc2</load_address>
         <run_address>0x15bc2</run_address>
         <size>0x151</size>
         <input_file_ref idref="fl-ef"/>
      </object_component>
      <object_component id="oc-1cb">
         <name>.debug_info</name>
         <load_address>0x15d13</load_address>
         <run_address>0x15d13</run_address>
         <size>0x230</size>
         <input_file_ref idref="fl-ef"/>
      </object_component>
      <object_component id="oc-2d1">
         <name>.debug_info</name>
         <load_address>0x15f43</load_address>
         <run_address>0x15f43</run_address>
         <size>0xbb</size>
         <input_file_ref idref="fl-ef"/>
      </object_component>
      <object_component id="oc-2ab">
         <name>.debug_info</name>
         <load_address>0x15ffe</load_address>
         <run_address>0x15ffe</run_address>
         <size>0xf3</size>
         <input_file_ref idref="fl-f0"/>
      </object_component>
      <object_component id="oc-273">
         <name>.debug_info</name>
         <load_address>0x160f1</load_address>
         <run_address>0x160f1</run_address>
         <size>0x1a2</size>
         <input_file_ref idref="fl-f1"/>
      </object_component>
      <object_component id="oc-1d2">
         <name>.debug_info</name>
         <load_address>0x16293</load_address>
         <run_address>0x16293</run_address>
         <size>0x25a</size>
         <input_file_ref idref="fl-f1"/>
      </object_component>
      <object_component id="oc-2c2">
         <name>.debug_info</name>
         <load_address>0x164ed</load_address>
         <run_address>0x164ed</run_address>
         <size>0x17f</size>
         <input_file_ref idref="fl-f2"/>
      </object_component>
      <object_component id="oc-264">
         <name>.debug_info</name>
         <load_address>0x1666c</load_address>
         <run_address>0x1666c</run_address>
         <size>0x1e1</size>
         <input_file_ref idref="fl-f2"/>
      </object_component>
      <object_component id="oc-2a5">
         <name>.debug_info</name>
         <load_address>0x1684d</load_address>
         <run_address>0x1684d</run_address>
         <size>0x156</size>
         <input_file_ref idref="fl-f3"/>
      </object_component>
      <object_component id="oc-2d0">
         <name>.debug_info</name>
         <load_address>0x169a3</load_address>
         <run_address>0x169a3</run_address>
         <size>0x1c0</size>
         <input_file_ref idref="fl-f4"/>
      </object_component>
      <object_component id="oc-268">
         <name>.debug_info</name>
         <load_address>0x16b63</load_address>
         <run_address>0x16b63</run_address>
         <size>0x200</size>
         <input_file_ref idref="fl-f4"/>
      </object_component>
      <object_component id="oc-33f">
         <name>.debug_info</name>
         <load_address>0x16d63</load_address>
         <run_address>0x16d63</run_address>
         <size>0xf0</size>
         <input_file_ref idref="fl-f5"/>
      </object_component>
      <object_component id="oc-321">
         <name>.debug_info</name>
         <load_address>0x16e53</load_address>
         <run_address>0x16e53</run_address>
         <size>0x231</size>
         <input_file_ref idref="fl-f5"/>
      </object_component>
      <object_component id="oc-313">
         <name>.debug_info</name>
         <load_address>0x17084</load_address>
         <run_address>0x17084</run_address>
         <size>0x23c</size>
         <input_file_ref idref="fl-f6"/>
      </object_component>
      <object_component id="oc-2cb">
         <name>.debug_info</name>
         <load_address>0x172c0</load_address>
         <run_address>0x172c0</run_address>
         <size>0x455</size>
         <input_file_ref idref="fl-f6"/>
      </object_component>
      <object_component id="oc-10d">
         <name>.debug_info</name>
         <load_address>0x17715</load_address>
         <run_address>0x17715</run_address>
         <size>0x2c</size>
         <input_file_ref idref="fl-f6"/>
      </object_component>
      <object_component id="oc-8f">
         <name>.debug_info</name>
         <load_address>0x17741</load_address>
         <run_address>0x17741</run_address>
         <size>0x222</size>
         <input_file_ref idref="fl-f7"/>
      </object_component>
      <object_component id="oc-31">
         <name>.debug_info</name>
         <load_address>0x17963</load_address>
         <run_address>0x17963</run_address>
         <size>0x101</size>
         <input_file_ref idref="fl-f7"/>
      </object_component>
      <object_component id="oc-308">
         <name>.debug_info</name>
         <load_address>0x17a64</load_address>
         <run_address>0x17a64</run_address>
         <size>0x14c</size>
         <input_file_ref idref="fl-f7"/>
      </object_component>
      <object_component id="oc-2c4">
         <name>.debug_info</name>
         <load_address>0x17bb0</load_address>
         <run_address>0x17bb0</run_address>
         <size>0x885</size>
         <input_file_ref idref="fl-f7"/>
      </object_component>
      <object_component id="oc-112">
         <name>.debug_info</name>
         <load_address>0x18435</load_address>
         <run_address>0x18435</run_address>
         <size>0x62</size>
         <input_file_ref idref="fl-f7"/>
      </object_component>
      <object_component id="oc-336">
         <name>.debug_info</name>
         <load_address>0x18497</load_address>
         <run_address>0x18497</run_address>
         <size>0x200</size>
         <input_file_ref idref="fl-f8"/>
      </object_component>
      <object_component id="oc-30f">
         <name>.debug_info</name>
         <load_address>0x18697</load_address>
         <run_address>0x18697</run_address>
         <size>0x298</size>
         <input_file_ref idref="fl-f8"/>
      </object_component>
      <object_component id="oc-377">
         <name>.debug_info</name>
         <load_address>0x1892f</load_address>
         <run_address>0x1892f</run_address>
         <size>0xaa</size>
      </object_component>
      <object_component id="oc-254">
         <name>.debug_line</name>
         <load_address>0x0</load_address>
         <run_address>0x0</run_address>
         <size>0x102</size>
         <input_file_ref idref="fl-2"/>
      </object_component>
      <object_component id="oc-196">
         <name>.debug_line</name>
         <load_address>0x102</load_address>
[...]
         <name>_args_main</name>
         <value>0x365d</value>
         <object_component_ref idref="oc-68"/>
      </symbol>
      <symbol id="sm-3e4">
         <name>atoi</name>
         <value>0x32fd</value>
         <object_component_ref idref="oc-22b"/>
      </symbol>
      <symbol id="sm-40e">
         <name>__TI_auto_init</name>
         <value>0x2f1d</value>
         <object_component_ref idref="oc-62"/>
      </symbol>
      <symbol id="sm-428">
         <name>copy_in</name>
         <value>0x3349</value>
         <object_component_ref idref="oc-a9"/>
      </symbol>
      <symbol id="sm-433">
         <name>_ctypes_</name>
         <value>0x3744</value>
         <object_component_ref idref="oc-2b1"/>
      </symbol>
      <symbol id="sm-448">
         <name>__TI_tmpnams</name>
         <value>0x20000b1c</value>
      </symbol>
      <symbol id="sm-449">
         <name>__aeabi_stdout</name>
         <value>0x200009c8</value>
         <object_component_ref idref="oc-26f"/>
      </symbol>
      <symbol id="sm-44a">
         <name>__aeabi_stderr</name>
         <value>0x200009cc</value>
         <object_component_ref idref="oc-26f"/>
      </symbol>
      <symbol id="sm-44b">
         <name>__aeabi_stdin</name>
         <value>0x200009c4</value>
         <object_component_ref idref="oc-26f"/>
      </symbol>
      <symbol id="sm-44c">
         <name>_ftable</name>
         <value>0x20000800</value>
         <object_component_ref idref="oc-18a"/>
      </symbol>
      <symbol id="sm-44d">
         <name>__TI_ft_end</name>
         <value>0x200009c0</value>
         <object_component_ref idref="oc-26f"/>
      </symbol>
      <symbol id="sm-464">
         <name>__aeabi_dsub</name>
         <value>0x1fdd</value>
         <object_component_ref idref="oc-214"/>
      </symbol>
      <symbol id="sm-465">
         <name>__aeabi_dadd</name>
         <value>0x1fe7</value>
         <object_component_ref idref="oc-214"/>
      </symbol>
      <symbol id="sm-487">
         <name>__aeabi_cdcmpeq</name>
         <value>0x2c35</value>
         <object_component_ref idref="oc-1f0"/>
      </symbol>
      <symbol id="sm-488">
         <name>__aeabi_cdcmple</name>
         <value>0x2c35</value>
         <object_component_ref idref="oc-1f0"/>
      </symbol>
      <symbol id="sm-489">
         <name>__aeabi_cdrcmple</name>
         <value>0x2cbb</value>
         <object_component_ref idref="oc-1ff"/>
      </symbol>
      <symbol id="sm-49d">
         <name>__aeabi_ddiv</name>
         <value>0x22e9</value>
         <object_component_ref idref="oc-1fa"/>
      </symbol>
      <symbol id="sm-4a8">
         <name>__aeabi_dmul</name>
         <value>0x2555</value>
         <object_component_ref idref="oc-1f5"/>
      </symbol>
      <symbol id="sm-4b2">
         <name>__aeabi_d2iz</name>
         <value>0x3395</value>
         <object_component_ref idref="oc-204"/>
      </symbol>
      <symbol id="sm-4c9">
         <name>putc</name>
         <value>0x2b9d</value>
         <object_component_ref idref="oc-178"/>
      </symbol>
      <symbol id="sm-4ca">
         <name>fputc</name>
         <value>0x2b9d</value>
         <object_component_ref idref="oc-178"/>
      </symbol>
      <symbol id="sm-4cb">
         <name>putchar</name>
         <value>0x2c21</value>
         <object_component_ref idref="oc-178"/>
      </symbol>
      <symbol id="sm-4ed">
         <name>puts</name>
         <value>0x252d</value>
         <object_component_ref idref="oc-17e"/>
      </symbol>
      <symbol id="sm-4ee">
         <name>fputs</name>
         <value>0x2421</value>
         <object_component_ref idref="oc-17e"/>
      </symbol>
      <symbol id="sm-4f8">
         <name>__aeabi_i2d</name>
         <value>0x34fd</value>
         <object_component_ref idref="oc-20f"/>
      </symbol>
      <symbol id="sm-546">
         <name>open</name>
         <value>0x1a57</value>
         <object_component_ref idref="oc-1d5"/>
      </symbol>
      <symbol id="sm-547">
         <name>add_device</name>
         <value>0x1b79</value>
         <object_component_ref idref="oc-1d5"/>
      </symbol>
      <symbol id="sm-548">
         <name>remove_device</name>
         <value>0x1a0b</value>
         <object_component_ref idref="oc-1d5"/>
      </symbol>
      <symbol id="sm-549">
         <name>lseek</name>
         <value>0x1b05</value>
         <object_component_ref idref="oc-1d5"/>
      </symbol>
      <symbol id="sm-54a">
         <name>read</name>
         <value>0x1a33</value>
         <object_component_ref idref="oc-1d5"/>
      </symbol>
      <symbol id="sm-54b">
         <name>rename</name>
         <value>0x19cd</value>
         <object_component_ref idref="oc-1d5"/>
      </symbol>
      <symbol id="sm-54c">
         <name>write</name>
         <value>0x1919</value>
         <object_component_ref idref="oc-1d5"/>
      </symbol>
      <symbol id="sm-54d">
         <name>close</name>
         <value>0x1b29</value>
         <object_component_ref idref="oc-1d5"/>
      </symbol>
      <symbol id="sm-54e">
         <name>unlink</name>
         <value>0x19a9</value>
         <object_component_ref idref="oc-1d5"/>
      </symbol>
      <symbol id="sm-55d">
         <name>ltoa</name>
         <value>0x32a9</value>
         <object_component_ref idref="oc-209"/>
      </symbol>
      <symbol id="sm-56d">
         <name>memccpy</name>
         <value>0x3641</value>
         <object_component_ref idref="oc-231"/>
      </symbol>
      <symbol id="sm-57d">
         <name>memchr</name>
         <value>0x3605</value>
         <object_component_ref idref="oc-1e3"/>
      </symbol>
      <symbol id="sm-598">
         <name>frexpl</name>
         <value>0x319d</value>
         <object_component_ref idref="oc-219"/>
      </symbol>
      <symbol id="sm-599">
         <name>frexp</name>
         <value>0x319d</value>
         <object_component_ref idref="oc-219"/>
      </symbol>
      <symbol id="sm-5b6">
         <name>scalbn</name>
         <value>0x2651</value>
         <object_component_ref idref="oc-21f"/>
      </symbol>
      <symbol id="sm-5b7">
         <name>scalbnl</name>
         <value>0x2651</value>
         <object_component_ref idref="oc-21f"/>
      </symbol>
      <symbol id="sm-5b8">
         <name>ldexpl</name>
         <value>0x2651</value>
         <object_component_ref idref="oc-21f"/>
      </symbol>
      <symbol id="sm-5b9">
         <name>ldexp</name>
         <value>0x2651</value>
         <object_component_ref idref="oc-21f"/>
      </symbol>
      <symbol id="sm-5c3">
         <name>_system_post_cinit</name>
         <value>0x241f</value>
         <object_component_ref idref="oc-af"/>
      </symbol>
      <symbol id="sm-5d3">
         <name>strchr</name>
         <value>0x368d</value>
         <object_component_ref idref="oc-225"/>
      </symbol>
      <symbol id="sm-5e2">
         <name>strcmp</name>
         <value>0x3675</value>
         <object_component_ref idref="oc-274"/>
      </symbol>
      <symbol id="sm-5f0">
         <name>strlen</name>
         <value>0x36f5</value>
         <object_component_ref idref="oc-1dd"/>
      </symbol>
      <symbol id="sm-600">
         <name>strncpy</name>
         <value>0x3491</value>
         <object_component_ref idref="oc-27a"/>
      </symbol>
      <symbol id="sm-627">
         <name>HOSTgetenv</name>
         <value>0x1859</value>
         <object_component_ref idref="oc-2e0"/>
      </symbol>
      <symbol id="sm-628">
         <name>HOSTrename</name>
         <value>0x1701</value>
         <object_component_ref idref="oc-2e0"/>
      </symbol>
      <symbol id="sm-629">
         <name>HOSTclose</name>
         <value>0x1897</value>
         <object_component_ref idref="oc-2e0"/>
      </symbol>
      <symbol id="sm-62a">
         <name>HOSTtime64</name>
         <value>0x1679</value>
         <object_component_ref idref="oc-2e0"/>
      </symbol>
      <symbol id="sm-62b">
         <name>HOSTunlink</name>
         <value>0x1641</value>
         <object_component_ref idref="oc-2e0"/>
      </symbol>
      <symbol id="sm-62c">
         <name>HOSTlseek</name>
         <value>0x17fd</value>
         <object_component_ref idref="oc-2e0"/>
      </symbol>
      <symbol id="sm-62d">
         <name>HOSTopen</name>
         <value>0x17ab</value>
         <object_component_ref idref="oc-2e0"/>
      </symbol>
      <symbol id="sm-62e">
         <name>HOSTclock</name>
         <value>0x18cf</value>
         <object_component_ref idref="oc-2e0"/>
      </symbol>
      <symbol id="sm-62f">
         <name>HOSTwrite</name>
         <value>0x15f5</value>
         <object_component_ref idref="oc-2e0"/>
      </symbol>
      <symbol id="sm-630">
         <name>HOSTread</name>
         <value>0x175f</value>
         <object_component_ref idref="oc-2e0"/>
      </symbol>
      <symbol id="sm-631">
         <name>HOSTtime</name>
         <value>0x16c7</value>
         <object_component_ref idref="oc-2e0"/>
      </symbol>
      <symbol id="sm-64c">
         <name>__TI_readmsg</name>
         <value>0x3103</value>
         <object_component_ref idref="oc-31a"/>
      </symbol>
      <symbol id="sm-64d">
         <name>C$$IO$$</name>
         <value>0x30ff</value>
         <object_component_ref idref="oc-31a"/>
      </symbol>
      <symbol id="sm-64e">
         <name>__CIOBUF_</name>
         <value>0x200009fc</value>
         <object_component_ref idref="oc-339"/>
      </symbol>
      <symbol id="sm-64f">
         <name>__TI_writemsg</name>
         <value>0x30d1</value>
         <object_component_ref idref="oc-31a"/>
      </symbol>
      <symbol id="sm-66b">
         <name>__aeabi_uldivmod</name>
         <value>0x1c25</value>
         <object_component_ref idref="oc-1eb"/>
      </symbol>
      <symbol id="sm-689">
         <name>__TI_wrt_ok</name>
         <value>0x29bd</value>
         <object_component_ref idref="oc-1c9"/>
      </symbol>
      <symbol id="sm-68a">
         <name>__TI_rd_ok</name>
         <value>0x2a1f</value>
         <object_component_ref idref="oc-1c9"/>
      </symbol>
      <symbol id="sm-692">
         <name>errno</name>
         <value>0x200009f0</value>
         <object_component_ref idref="oc-2aa"/>
      </symbol>
      <symbol id="sm-6ac">
         <name>__TI_doflush</name>
         <value>0x28f5</value>
         <object_component_ref idref="oc-1cf"/>
      </symbol>
      <symbol id="sm-6ad">
         <name>fflush</name>
         <value>0x2941</value>
         <object_component_ref idref="oc-1cf"/>
      </symbol>
      <symbol id="sm-6bf">
         <name>fseek</name>
         <value>0x3139</value>
         <object_component_ref idref="oc-261"/>
      </symbol>
      <symbol id="sm-6c9">
         <name>copysign</name>
         <value>0x36cd</value>
         <object_component_ref idref="oc-2a4"/>
      </symbol>
      <symbol id="sm-6ca">
         <name>copysignl</name>
         <value>0x36cd</value>
         <object_component_ref idref="oc-2a4"/>
      </symbol>
      <symbol id="sm-6e6">
         <name>setvbuf</name>
         <value>0x274d</value>
         <object_component_ref idref="oc-267"/>
      </symbol>
      <symbol id="sm-6f4">
         <name>strcpy</name>
         <value>0x36e1</value>
         <object_component_ref idref="oc-320"/>
      </symbol>
      <symbol id="sm-72b">
         <name>__TI_cleanup</name>
         <value>0x1ee1</value>
         <object_component_ref idref="oc-2c9"/>
      </symbol>
      <symbol id="sm-72c">
         <name>freopen</name>
         <value>0x1f0d</value>
         <object_component_ref idref="oc-2c9"/>
      </symbol>
      <symbol id="sm-72d">
         <name>fopen</name>
         <value>0x1f37</value>
         <object_component_ref idref="oc-2c9"/>
      </symbol>
      <symbol id="sm-79c">
         <name>_sys_memory</name>
         <value>0x20000000</value>
         <object_component_ref idref="oc-30"/>
      </symbol>
      <symbol id="sm-79d">
         <name>free</name>
         <value>0x130f</value>
         <object_component_ref idref="oc-2c3"/>
      </symbol>
      <symbol id="sm-79e">
         <name>realloc</name>
         <value>0x13d1</value>
         <object_component_ref idref="oc-2c3"/>
      </symbol>
      <symbol id="sm-79f">
         <name>memalign</name>
         <value>0x14d9</value>
         <object_component_ref idref="oc-2c3"/>
      </symbol>
      <symbol id="sm-7a0">
         <name>calloc</name>
         <value>0x15c5</value>
         <object_component_ref idref="oc-2c3"/>
      </symbol>
      <symbol id="sm-7a1">
         <name>malloc</name>
         <value>0x12a5</value>
         <object_component_ref idref="oc-2c3"/>
      </symbol>
      <symbol id="sm-7a2">
         <name>minit</name>
         <value>0x1225</value>
         <object_component_ref idref="oc-2c3"/>
      </symbol>
      <symbol id="sm-7b8">
         <name>__TI_closefile</name>
         <value>0x2b05</value>
         <object_component_ref idref="oc-30b"/>
      </symbol>
      <symbol id="sm-7b9">
         <name>fclose</name>
         <value>0x2b6b</value>
         <object_component_ref idref="oc-30b"/>
      </symbol>
      <symbol id="sm-7bb">
         <name>__TI_static_base__</name>
         <value>0x0</value>
      </symbol>
      <symbol id="sm-7be">
         <name>SHT$$INIT_ARRAY$$Limit</name>
         <value>0x0</value>
      </symbol>
      <symbol id="sm-7bf">
         <name>SHT$$INIT_ARRAY$$Base</name>
         <value>0x0</value>
      </symbol>
      <symbol id="sm-7c0">
         <name>NMI_Handler</name>
         <value>0x1223</value>
      </symbol>
      <symbol id="sm-7c1">
         <name>HardFault_Handler</name>
         <value>0x1223</value>
      </symbol>
      <symbol id="sm-7c2">
         <name>MemManage_Handler</name>
         <value>0x1223</value>
      </symbol>
      <symbol id="sm-7c3">
         <name>BusFault_Handler</name>
         <value>0x1223</value>
      </symbol>
      <symbol id="sm-7c4">
         <name>UsageFault_Handler</name>
         <value>0x1223</value>
      </symbol>
      <symbol id="sm-7c5">
         <name>SVC_Handler</name>
         <value>0x1223</value>
      </symbol>
      <symbol id="sm-7c6">
         <name>DebugMon_Handler</name>
         <value>0x1223</value>
      </symbol>
      <symbol id="sm-7c7">
         <name>PendSV_Handler</name>
         <value>0x1223</value>
      </symbol>
      <symbol id="sm-7c8">
         <name>SysTick_Handler</name>
         <value>0x1223</value>
      </symbol>
      <symbol id="sm-7c9">
         <name>PSS_IRQHandler</name>
         <value>0x1223</value>
      </symbol>
      <symbol id="sm-7ca">
         <name>CS_IRQHandler</name>
         <value>0x1223</value>
      </symbol>
      <symbol id="sm-7cb">
         <name>PCM_IRQHandler</name>
         <value>0x1223</value>
      </symbol>
      <symbol id="sm-7cc">
         <name>WDT_A_IRQHandler</name>
         <value>0x1223</value>
      </symbol>
      <symbol id="sm-7cd">
         <name>FPU_IRQHandler</name>
         <value>0x1223</value>
      </symbol>
      <symbol id="sm-7ce">
         <name>FLCTL_IRQHandler</name>
         <value>0x1223</value>
      </symbol>
      <symbol id="sm-7cf">
         <name>COMP_E0_IRQHandler</name>
         <value>0x1223</value>
      </symbol>
      <symbol id="sm-7d0">
         <name>COMP_E1_IRQHandler</name>
         <value>0x1223</value>
      </symbol>
      <symbol id="sm-7d1">
         <name>TA0_0_IRQHandler</name>
         <value>0x1223</value>
      </symbol>
      <symbol id="sm-7d2">
         <name>TA0_N_IRQHandler</name>
         <value>0x1223</value>
      </symbol>
      <symbol id="sm-7d3">
         <name>TA1_0_IRQHandler</name>
         <value>0x1223</value>
      </symbol>
      <symbol id="sm-7d4">
         <name>TA1_N_IRQHandler</name>
         <value>0x1223</value>
      </symbol>
      <symbol id="sm-7d5">
         <name>TA2_0_IRQHandler</name>
         <value>0x1223</value>
      </symbol>
      <symbol id="sm-7d6">
         <name>TA2_N_IRQHandler</name>
         <value>0x1223</value>
      </symbol>
      <symbol id="sm-7d7">
         <name>TA3_0_IRQHandler</name>
         <value>0x1223</value>
      </symbol>
      <symbol id="sm-7d8">
         <name>TA3_N_IRQHandler</name>
         <value>0x1223</value>
      </symbol>
      <symbol id="sm-7d9">
         <name>EUSCIA0_IRQHandler</name>
         <value>0x1223</value>
      </symbol>
      <symbol id="sm-7da">
         <name>EUSCIA1_IRQHandler</name>
         <value>0x1223</value>
      </symbol>
      <symbol id="sm-7db">
         <name>EUSCIA2_IRQHandler</name>
         <value>0x1223</value>
      </symbol>
      <symbol id="sm-7dc">
         <name>EUSCIA3_IRQHandler</name>
         <value>0x1223</value>
      </symbol>
      <symbol id="sm-7dd">
         <name>EUSCIB0_IRQHandler</name>
         <value>0x1223</value>
      </symbol>
      <symbol id="sm-7de">
         <name>EUSCIB1_IRQHandler</name>
         <value>0x1223</value>
      </symbol>
      <symbol id="sm-7df">
         <name>EUSCIB2_IRQHandler</name>
         <value>0x1223</value>
      </symbol>
      <symbol id="sm-7e0">
         <name>EUSCIB3_IRQHandler</name>
         <value>0x1223</value>
      </symbol>
      <symbol id="sm-7e1">
         <name>ADC14_IRQHandler</name>
         <value>0x2ead</value>
      </symbol>
      <symbol id="sm-7e2">
         <name>T32_INT1_IRQHandler</name>
         <value>0x1223</value>
      </symbol>
      <symbol id="sm-7e3">
         <name>T32_INT2_IRQHandler</name>
         <value>0x1223</value>
      </symbol>
      <symbol id="sm-7e4">
         <name>T32_INTC_IRQHandler</name>
         <value>0x1223</value>
      </symbol>
      <symbol id="sm-7e5">
         <name>AES256_IRQHandler</name>
         <value>0x1223</value>
      </symbol>
      <symbol id="sm-7e6">
         <name>RTC_C_IRQHandler</name>
         <value>0x1223</value>
      </symbol>
      <symbol id="sm-7e7">
         <name>DMA_ERR_IRQHandler</name>
         <value>0x1223</value>
      </symbol>
      <symbol id="sm-7e8">
         <name>DMA_INT3_IRQHandler</name>
         <value>0x1223</value>
      </symbol>
      <symbol id="sm-7e9">
         <name>DMA_INT2_IRQHandler</name>
         <value>0x1223</value>
      </symbol>
      <symbol id="sm-7ea">
         <name>DMA_INT1_IRQHandler</name>
         <value>0x1223</value>
      </symbol>
      <symbol id="sm-7eb">
         <name>DMA_INT0_IRQHandler</name>
         <value>0x1223</value>
      </symbol>
      <symbol id="sm-7ec">
         <name>PORT1_IRQHandler</name>
         <value>0x1223</value>
      </symbol>
      <symbol id="sm-7ed">
         <name>PORT2_IRQHandler</name>
         <value>0x1223</value>
      </symbol>
      <symbol id="sm-7ee">
         <name>PORT3_IRQHandler</name>
         <value>0x1223</value>
      </symbol>
      <symbol id="sm-7ef">
         <name>PORT4_IRQHandler</name>
         <value>0x1223</value>
      </symbol>
      <symbol id="sm-7f0">
         <name>PORT5_IRQHandler</name>
         <value>0x1223</value>
      </symbol>
      <symbol id="sm-7f1">
         <name>PORT6_IRQHandler</name>
         <value>0x1223</value>
      </symbol>
      <symbol id="sm-7f2">
         <name>remove</name>
         <value>0x19a9</value>
      </symbol>
   </symbol_table>
   <title>Link successful</title>
</link_info>
